 ray

 Timestamp is 53f4b73e (Wed Aug 20 22:57:02 2014)

 Preferred load address is 00400000

 Start         Length     Name                   Class
 0001:00000000 000192aaH .text                   CODE
 0001:000192b0 00000038H .text$di                CODE
 0001:000192f0 0001274cH .text$mn                CODE
 0001:0002ba40 00001463H .text$x                 CODE
 0001:0002ceb0 00000035H .text$yd                CODE
 0002:00000000 00000470H .idata$5                DATA
 0002:00000470 00000004H .CRT$XCA                DATA
 0002:00000474 00000004H .CRT$XCAA               DATA
 0002:00000478 00000004H .CRT$XCL                DATA
 0002:0000047c 00000010H .CRT$XCU                DATA
 0002:0000048c 00000004H .CRT$XCZ                DATA
 0002:00000490 00000004H .CRT$XIA                DATA
 0002:00000494 00000004H .CRT$XIAA               DATA
 0002:00000498 00000004H .CRT$XIC                DATA
 0002:0000049c 00000004H .CRT$XIY                DATA
 0002:000004a0 00000004H .CRT$XIZ                DATA
 0002:000004b0 00001110H .rdata                  DATA
 0002:000015c0 00000da8H .rdata$r                DATA
 0002:00002368 00000004H .rtc$IAA                DATA
 0002:0000236c 00000004H .rtc$IZZ                DATA
 0002:00002370 00000004H .rtc$TAA                DATA
 0002:00002374 00000004H .rtc$TZZ                DATA
 0002:00002378 000017d4H .xdata$x                DATA
 0002:00003b4c 00000000H .edata                  DATA
 0002:00003b4c 000000a0H .idata$2                DATA
 0002:00003bec 00000014H .idata$3                DATA
 0002:00003c00 00000470H .idata$4                DATA
 0002:00004070 00001a36H .idata$6                DATA
 0003:00000000 00000d60H .data                   DATA
 0003:00000d60 00000654H .data$r                 DATA
 0003:000013b8 00001ac4H .bss                    DATA
 0004:00000000 00000058H .rsrc$01                DATA
 0004:00000060 00000180H .rsrc$02                DATA

  Address         Publics by Value              Rva+Base       Lib:Object

 0000:00000000       ___guard_fids_table        00000000     <absolute>
 0000:00000000       ___guard_flags             00000000     <absolute>
 0000:00000000       ___safe_se_handler_count   00000000     <absolute>
 0000:00000000       __except_list              00000000     <absolute>
 0000:00000000       ___safe_se_handler_table   00000000     <absolute>
 0000:00000000       ___guard_fids_count        00000000     <absolute>
 0000:00009876       __ldused                   00009876     <absolute>
 0000:00009876       __fltused                  00009876     <absolute>
 0000:00000000       ___ImageBase               00400000     <linker-defined>
 0001:00000000       ?visual@Fl@@SAHH@Z         00401000 f   fltkd:Fl_visual.obj
 0001:00000070       ?event_inside@Fl@@SAHHHHH@Z 00401070 f   fltkd:Fl.obj
 0001:000000c0       ?event_inside@Fl@@SAHPBVFl_Widget@@@Z 004010c0 f   fltkd:Fl.obj
 0001:00000129       ?add_timeout@Fl@@SAXNP6AXPAX@Z0@Z 00401129 f   fltkd:Fl.obj
 0001:000001d2       ?repeat_timeout@Fl@@SAXNP6AXPAX@Z0@Z 004011d2 f   fltkd:Fl.obj
 0001:00000295       ?has_timeout@Fl@@SAHP6AXPAX@Z0@Z 00401295 f   fltkd:Fl.obj
 0001:000002d7       ?remove_timeout@Fl@@SAXP6AXPAX@Z0@Z 004012d7 f   fltkd:Fl.obj
 0001:0000033a       ?add_check@Fl@@SAXP6AXPAX@Z0@Z 0040133a f   fltkd:Fl.obj
 0001:000003ae       ?remove_check@Fl@@SAXP6AXPAX@Z0@Z 004013ae f   fltkd:Fl.obj
 0001:00000426       ?wait@Fl@@SANN@Z           00401426 f   fltkd:Fl.obj
 0001:000005af       ?run@Fl@@SAHXZ             004015af f   fltkd:Fl.obj
 0001:000005d5       ?wait@Fl@@SAHXZ            004015d5 f   fltkd:Fl.obj
 0001:000005fa       ?check@Fl@@SAHXZ           004015fa f   fltkd:Fl.obj
 0001:00000619       ?ready@Fl@@SAHXZ           00401619 f   fltkd:Fl.obj
 0001:00000655       ?fl_find@@YAPAVFl_Window@@PAUHWND__@@@Z 00401655 f   fltkd:Fl.obj
 0001:000006c9       ?first_window@Fl@@SAPAVFl_Window@@XZ 004016c9 f   fltkd:Fl.obj
 0001:000006f6       ?next_window@Fl@@SAPAVFl_Window@@PBV2@@Z 004016f6 f   fltkd:Fl.obj
 0001:0000072d       ?first_window@Fl@@SAXPAVFl_Window@@@Z 0040172d f   fltkd:Fl.obj
 0001:0000075b       ?redraw@Fl@@SAXXZ          0040175b f   fltkd:Fl.obj
 0001:00000789       ?flush@Fl@@SAXXZ           00401789 f   fltkd:Fl.obj
 0001:0000083f       ?add_handler@Fl@@SAXP6AHH@Z@Z 0040183f f   fltkd:Fl.obj
 0001:00000879       ?focus@Fl@@SAXPAVFl_Widget@@@Z 00401879 f   fltkd:Fl.obj
 0001:000008ee       ?belowmouse@Fl@@SAXPAVFl_Widget@@@Z 004018ee f   fltkd:Fl.obj
 0001:0000094c       ?pushed@Fl@@SAXPAVFl_Widget@@@Z 0040194c f   fltkd:Fl.obj
 0001:00000959       ?fl_fix_focus@@YAXXZ       00401959 f   fltkd:Fl.obj
 0001:00000a8c       ?fl_throw_focus@@YAXPAVFl_Widget@@@Z 00401a8c f   fltkd:Fl.obj
 0001:00000b30       ?handle@Fl@@SAHHPAVFl_Window@@@Z 00401b30 f   fltkd:Fl.obj
 0001:00001031       ?hide@Fl_Window@@UAEXXZ    00402031 f   fltkd:Fl.obj
 0001:00001204       ??1Fl_Window@@UAE@XZ       00402204 f   fltkd:Fl.obj
 0001:00001255       ?handle@Fl_Window@@UAEHH@Z 00402255 f   fltkd:Fl.obj
 0001:00001330       ?selection_owner@Fl@@SAXPAVFl_Widget@@@Z 00402330 f   fltkd:Fl.obj
 0001:0000139a       ?redraw@Fl_Widget@@QAEXXZ  0040239a f   fltkd:Fl.obj
 0001:000013b2       ?damage@Fl_Widget@@QAEXE@Z 004023b2 f   fltkd:Fl.obj
 0001:00001459       ?damage@Fl_Widget@@QAEXEHHHH@Z 00402459 f   fltkd:Fl.obj
 0001:0000162c       ?flush@Fl_Window@@MAEXXZ   0040262c f   fltkd:Fl.obj
 0001:00001670       ?modal@Fl@@SAPAVFl_Window@@XZ 00402670 f i fltkd:Fl.obj
 0001:00001680       ?grab@Fl@@SAPAVFl_Window@@XZ 00402680 f i fltkd:Fl.obj
 0001:00001690       ?compose_reset@Fl@@SAXXZ   00402690 f i fltkd:Fl.obj
 0001:000016a0       ?belowmouse@Fl@@SAPAVFl_Widget@@XZ 004026a0 f i fltkd:Fl.obj
 0001:000016b0       ?pushed@Fl@@SAPAVFl_Widget@@XZ 004026b0 f i fltkd:Fl.obj
 0001:000016c0       ?focus@Fl@@SAPAVFl_Widget@@XZ 004026c0 f i fltkd:Fl.obj
 0001:000016d0       ?selection_owner@Fl@@SAPAVFl_Widget@@XZ 004026d0 f i fltkd:Fl.obj
 0001:000016e0       ?event_key@Fl@@SAHXZ       004026e0 f i fltkd:Fl.obj
 0001:000016f0       ?event_text@Fl@@SAPBDXZ    004026f0 f i fltkd:Fl.obj
 0001:00001700       ?type@Fl_Widget@@QBEEXZ    00402700 f i fltkd:Fl.obj
 0001:00001720       ?do_callback@Fl_Widget@@QAEXXZ 00402720 f i fltkd:Fl.obj
 0001:00001740       ?damage@Fl_Widget@@QBEEXZ  00402740 f i fltkd:Fl.obj
 0001:00001760       ?clear_damage@Fl_Widget@@QAEXE@Z 00402760 f i fltkd:Fl.obj
 0001:00001780       ?set_visible@Fl_Widget@@QAEXXZ 00402780 f i fltkd:Fl.obj
 0001:000017a0       ?clear_visible@Fl_Widget@@QAEXXZ 004027a0 f i fltkd:Fl.obj
 0001:000017c0       ?modal@Fl_Window@@QBEEXZ   004027c0 f i fltkd:Fl.obj
 0001:000017e0       ?flags@Fl_Widget@@IBEEXZ   004027e0 f i fltkd:Fl.obj
 0001:00001800       ?non_modal@Fl_Window@@QBEEXZ 00402800 f i fltkd:Fl.obj
 0001:00001820       ??_GFl_Window@@UAEPAXI@Z   00402820 f i fltkd:Fl.obj
 0001:00001820       ??_EFl_Window@@UAEPAXI@Z   00402820 f i fltkd:Fl.obj
 0001:00001850       ?visible@Fl_Widget@@QBEHXZ 00402850 f i fltkd:Fl.obj
 0001:00001870       ?shown@Fl_Window@@QAEHXZ   00402870 f i fltkd:Fl.obj
 0001:00001890       ?damage@Fl@@SAXH@Z         00402890 f i fltkd:Fl.obj
 0001:000018a0       ?XRectangleRegion@@YAPAUHRGN__@@HHHH@Z 004028a0 f i fltkd:Fl.obj
 0001:000018d0       ?XDestroyRegion@@YAXPAUHRGN__@@@Z 004028d0 f i fltkd:Fl.obj
 0001:000018e0       ?i@Fl_X@@SAPAV1@PBVFl_Window@@@Z 004028e0 f i fltkd:Fl.obj
 0001:000018f0       ?flush@Fl_X@@QAEXXZ        004028f0 f i fltkd:Fl.obj
 0001:00001910       ?fl_xid@@YAPAUHWND__@@PBVFl_Window@@@Z 00402910 f i fltkd:Fl.obj
 0001:00001930       ?fl_message@@YAXPBDZZ      00402930 f   fltkd:fl_ask.obj
 0001:00001ef6       ?fl_alert@@YAXPBDZZ        00402ef6 f   fltkd:fl_ask.obj
 0001:00001f42       ?fl_ask@@YAHPBDZZ          00402f42 f   fltkd:fl_ask.obj
 0001:00001f87       ?fl_choice@@YAHPBD000ZZ    00402f87 f   fltkd:fl_ask.obj
 0001:00001fc8       ?fl_message_icon@@YAPAVFl_Widget@@XZ 00402fc8 f   fltkd:fl_ask.obj
 0001:00001fd7       ?fl_input@@YAPBDPBD0ZZ     00402fd7 f   fltkd:fl_ask.obj
 0001:000020b5       ?fl_password@@YAPBDPBD0ZZ  004030b5 f   fltkd:fl_ask.obj
 0001:000020f0       ?position@Fl_Widget@@QAEXHH@Z 004030f0 f i fltkd:fl_ask.obj
 0001:00002120       ?size@Fl_Widget@@QAEXHH@Z  00403120 f i fltkd:fl_ask.obj
 0001:00002150       ?box@Fl_Widget@@QAEXW4Fl_Boxtype@@@Z 00403150 f i fltkd:fl_ask.obj
 0001:00002170       ?color@Fl_Widget@@QAEXE@Z  00403170 f i fltkd:fl_ask.obj
 0001:00002190       ?label@Fl_Widget@@QAEXPBD@Z 00403190 f i fltkd:fl_ask.obj
 0001:000021b0       ?labelcolor@Fl_Widget@@QAEXE@Z 004031b0 f i fltkd:fl_ask.obj
 0001:000021d0       ??0Fl_Box@@QAE@HHHHPBD@Z   004031d0 f i fltkd:fl_ask.obj
 0001:00002210       ??1Fl_Button@@UAE@XZ       00403210 f i fltkd:fl_ask.obj
 0001:00002210       ??1Fl_Box@@UAE@XZ          00403210 f i fltkd:fl_ask.obj
 0001:00002210       ??1Fl_Valuator@@UAE@XZ     00403210 f i fltkd:Fl_Valuator.obj
 0001:00002230       ?shortcut@Fl_Button@@QAEXPBD@Z 00403230 f i fltkd:fl_ask.obj
 0001:00002260       ?shortcut@Fl_Button@@QAEXH@Z 00403260 f i fltkd:fl_ask.obj
 0001:00002280       ??0Fl_Return_Button@@QAE@HHHHPBD@Z 00403280 f i fltkd:fl_ask.obj
 0001:000022c0       ??_EFl_Slider@@UAEPAXI@Z   004032c0 f i fltkd:Fl_Slider.obj
 0001:000022c0       ??_GFl_Return_Button@@UAEPAXI@Z 004032c0 f i fltkd:fl_ask.obj
 0001:000022c0       ??_GFl_Slider@@UAEPAXI@Z   004032c0 f i fltkd:Fl_Slider.obj
 0001:000022c0       ??_EFl_Return_Button@@UAEPAXI@Z 004032c0 f i fltkd:fl_ask.obj
 0001:000022f0       ?set_modal@Fl_Window@@QAEXXZ 004032f0 f i fltkd:fl_ask.obj
 0001:00002310       ?set_flag@Fl_Widget@@IAEXH@Z 00403310 f i fltkd:fl_ask.obj
 0001:00002330       ?_Fl_Window@Fl_Window@@AAEXXZ 00403330 f   fltkd:Fl_Window.obj
 0001:000023a2       ??0Fl_Window@@QAE@HHHHPBD@Z 004033a2 f   fltkd:Fl_Window.obj
 0001:00002416       ??0Fl_Window@@QAE@HHPBD@Z  00403416 f   fltkd:Fl_Window.obj
 0001:0000248e       ?window@Fl_Widget@@QBEPAVFl_Window@@XZ 0040348e f   fltkd:Fl_Window.obj
 0001:000024d6       ?x_root@Fl_Window@@QBEHXZ  004034d6 f   fltkd:Fl_Window.obj
 0001:00002514       ?y_root@Fl_Window@@QBEHXZ  00403514 f   fltkd:Fl_Window.obj
 0001:00002552       ?draw@Fl_Window@@MAEXXZ    00403552 f   fltkd:Fl_Window.obj
 0001:000025a9       ?label@Fl_Window@@QAEXPBD@Z 004035a9 f   fltkd:Fl_Window.obj
 0001:000025cb       ?iconlabel@Fl_Window@@QAEXPBD@Z 004035cb f   fltkd:Fl_Window.obj
 0001:000025ed       ?default_atclose@Fl@@SAXPAVFl_Window@@PAX@Z 004035ed f   fltkd:Fl_Window.obj
 0001:0000260d       ?default_callback@Fl_Window@@SAXPAV1@PAX@Z 0040360d f   fltkd:Fl_Window.obj
 0001:00002630       ?x@Fl_Widget@@IAEXH@Z      00403630 f i fltkd:Fl_Window.obj
 0001:00002650       ?y@Fl_Widget@@IAEXH@Z      00403650 f i fltkd:Fl_Window.obj
 0001:00002670       ?labeltype@Fl_Widget@@QAEXW4Fl_Labeltype@@@Z 00403670 f i fltkd:Fl_Window.obj
 0001:00002690       ?current@Fl_Group@@SAXPAV1@@Z 00403690 f i fltkd:Fl_Window.obj
 0001:000026a0       ?iconlabel@Fl_Window@@QBEPBDXZ 004036a0 f i fltkd:Fl_Window.obj
 0001:000026c0       ?can_do@Fl_Gl_Window@@CAHHPBH@Z 004036c0 f   fltkd:Fl_Gl_Window.obj
 0001:000026db       ?show@Fl_Gl_Window@@UAEXXZ 004036db f   fltkd:Fl_Gl_Window.obj
 0001:00002738       ?invalidate@Fl_Gl_Window@@QAEXXZ 00403738 f   fltkd:Fl_Gl_Window.obj
 0001:0000274d       ?mode@Fl_Gl_Window@@AAEHHPBH@Z 0040374d f   fltkd:Fl_Gl_Window.obj
 0001:000027c5       ?make_current@Fl_Gl_Window@@QAEXXZ 004037c5 f   fltkd:Fl_Gl_Window.obj
 0001:0000286b       ?ortho@Fl_Gl_Window@@QAEXXZ 0040386b f   fltkd:Fl_Gl_Window.obj
 0001:0000291d       ?swap_buffers@Fl_Gl_Window@@QAEXXZ 0040391d f   fltkd:Fl_Gl_Window.obj
 0001:00002940       ?flush@Fl_Gl_Window@@UAEXXZ 00403940 f   fltkd:Fl_Gl_Window.obj
 0001:00002de2       ?resize@Fl_Gl_Window@@UAEXHHHH@Z 00403de2 f   fltkd:Fl_Gl_Window.obj
 0001:00002e2b       ?context@Fl_Gl_Window@@QAEXPAXH@Z 00403e2b f   fltkd:Fl_Gl_Window.obj
 0001:00002e95       ?hide@Fl_Gl_Window@@UAEXXZ 00403e95 f   fltkd:Fl_Gl_Window.obj
 0001:00002ee1       ??1Fl_Gl_Window@@UAE@XZ    00403ee1 f   fltkd:Fl_Gl_Window.obj
 0001:00002f32       ?init@Fl_Gl_Window@@AAEXXZ 00403f32 f   fltkd:Fl_Gl_Window.obj
 0001:00002f81       ?draw_overlay@Fl_Gl_Window@@EAEXXZ 00403f81 f   fltkd:Fl_Gl_Window.obj
 0001:00002f90       ?valid@Fl_Gl_Window@@QAEXD@Z 00403f90 f i fltkd:Fl_Gl_Window.obj
 0001:00002fb0       ?default_callback@Fl_Widget@@SAXPAV1@PAX@Z 00403fb0 f   fltkd:Fl_Widget.obj
 0001:00003015       ?readqueue@Fl@@SAPAVFl_Widget@@XZ 00404015 f   fltkd:Fl_Widget.obj
 0001:00003061       ?handle@Fl_Widget@@UAEHH@Z 00404061 f   fltkd:Fl_Widget.obj
 0001:00003070       ??0Fl_Widget@@IAE@HHHHPBD@Z 00404070 f   fltkd:Fl_Widget.obj
 0001:0000314e       ?resize@Fl_Widget@@UAEXHHHH@Z 0040414e f   fltkd:Fl_Widget.obj
 0001:00003187       ?damage_resize@Fl_Widget@@QAEHHHHH@Z 00404187 f   fltkd:Fl_Widget.obj
 0001:000031f4       ?take_focus@Fl_Widget@@QAEHXZ 004041f4 f   fltkd:Fl_Widget.obj
 0001:0000324e       ??1Fl_Widget@@UAE@XZ       0040424e f   fltkd:Fl_Widget.obj
 0001:00003278       ?activate@Fl_Widget@@QAEXXZ 00404278 f   fltkd:Fl_Widget.obj
 0001:00003362       ?deactivate@Fl_Widget@@QAEXXZ 00404362 f   fltkd:Fl_Widget.obj
 0001:000033b4       ?active_r@Fl_Widget@@QBEHXZ 004043b4 f   fltkd:Fl_Widget.obj
 0001:000033f1       ?show@Fl_Widget@@QAEXXZ    004043f1 f   fltkd:Fl_Widget.obj
 0001:00003455       ?hide@Fl_Widget@@QAEXXZ    00404455 f   fltkd:Fl_Widget.obj
 0001:000034e9       ?visible_r@Fl_Widget@@QBEHXZ 004044e9 f   fltkd:Fl_Widget.obj
 0001:00003526       ?contains@Fl_Widget@@QBEHPBV1@@Z 00404526 f   fltkd:Fl_Widget.obj
 0001:00003560       ??_EFl_Widget@@UAEPAXI@Z   00404560 f i fltkd:Fl_Widget.obj
 0001:00003560       ??_GFl_Widget@@UAEPAXI@Z   00404560 f i fltkd:Fl_Widget.obj
 0001:00003590       ?clear_flag@Fl_Widget@@IAEXH@Z 00404590 f i fltkd:Fl_Widget.obj
 0001:000035b0       ?align@Fl_Widget@@QBE?AW4Fl_Align@@XZ 004045b0 f i fltkd:Fl_Widget.obj
 0001:000035d0       ?box@Fl_Widget@@QBE?AW4Fl_Boxtype@@XZ 004045d0 f i fltkd:Fl_Widget.obj
 0001:000035f0       ?active@Fl_Widget@@QBEHXZ  004045f0 f i fltkd:Fl_Widget.obj
 0001:00003610       ?takesevents@Fl_Widget@@QBEHXZ 00404610 f i fltkd:Fl_Widget.obj
 0001:00003630       ?inside@Fl_Widget@@QBEHPBV1@@Z 00404630 f i fltkd:Fl_Widget.obj
 0001:00003660       ?current@Fl_Group@@SAPAV1@XZ 00404660 f i fltkd:Fl_Widget.obj
 0001:00003670       ?add@Fl_Group@@QAEXPAVFl_Widget@@@Z 00404670 f i fltkd:Fl_Widget.obj
 0001:00003690       ?value@Fl_Menu_@@QAEHPBUFl_Menu_Item@@@Z 00404690 f   fltkd:Fl_Menu_.obj
 0001:000036c2       ?picked@Fl_Menu_@@QAEPBUFl_Menu_Item@@PBU2@@Z 004046c2 f   fltkd:Fl_Menu_.obj
 0001:000037b8       ?setonly@Fl_Menu_Item@@QAEXXZ 004047b8 f   fltkd:Fl_Menu_.obj
 0001:00003858       ??0Fl_Menu_@@QAE@HHHHPBD@Z 00404858 f   fltkd:Fl_Menu_.obj
 0001:00003929       ?size@Fl_Menu_@@QBEHXZ     00404929 f   fltkd:Fl_Menu_.obj
 0001:0000394c       ?menu@Fl_Menu_@@QAEXPBUFl_Menu_Item@@@Z 0040494c f   fltkd:Fl_Menu_.obj
 0001:00003973       ?copy@Fl_Menu_@@QAEXPBUFl_Menu_Item@@PAX@Z 00404973 f   fltkd:Fl_Menu_.obj
 0001:00003a02       ??1Fl_Menu_@@UAE@XZ        00404a02 f   fltkd:Fl_Menu_.obj
 0001:00003a53       ?clear@Fl_Menu_@@QAEXXZ    00404a53 f   fltkd:Fl_Menu_.obj
 0001:00003b10       ??_EFl_Menu_@@UAEPAXI@Z    00404b10 f i fltkd:Fl_Menu_.obj
 0001:00003b10       ??_GFl_Menu_@@UAEPAXI@Z    00404b10 f i fltkd:Fl_Menu_.obj
 0001:00003b40       ?selection_color@Fl_Widget@@QAEXE@Z 00404b40 f i fltkd:Fl_Menu_.obj
 0001:00003b60       ?when@Fl_Widget@@QBE?AW4Fl_When@@XZ 00404b60 f i fltkd:Fl_Menu_.obj
 0001:00003b80       ?changed@Fl_Widget@@QBEHXZ 00404b80 f i fltkd:Fl_Menu_.obj
 0001:00003ba0       ?set_changed@Fl_Widget@@QAEXXZ 00404ba0 f i fltkd:Fl_Menu_.obj
 0001:00003bc0       ?clear_changed@Fl_Widget@@QAEXXZ 00404bc0 f i fltkd:Fl_Menu_.obj
 0001:00003be0       ?radio@Fl_Menu_Item@@QBEHXZ 00404be0 f i fltkd:Fl_Menu_.obj
 0001:00003c00       ?value@Fl_Menu_Item@@QBEHXZ 00404c00 f i fltkd:Fl_Menu_.obj
 0001:00003c20       ?clear@Fl_Menu_Item@@QAEXXZ 00404c20 f i fltkd:Fl_Menu_.obj
 0001:00003c40       ?do_callback@Fl_Menu_Item@@QBEXPAVFl_Widget@@@Z 00404c40 f i fltkd:Fl_Menu_.obj
 0001:00003c70       ?textfont@Fl_Menu_@@QAEXE@Z 00404c70 f i fltkd:Fl_Menu_.obj
 0001:00003c90       ?textsize@Fl_Menu_@@QAEXE@Z 00404c90 f i fltkd:Fl_Menu_.obj
 0001:00003cb0       ?textcolor@Fl_Menu_@@QAEXE@Z 00404cb0 f i fltkd:Fl_Menu_.obj
 0001:00003cd0       ?down_box@Fl_Menu_@@QAEXW4Fl_Boxtype@@@Z 00404cd0 f i fltkd:Fl_Menu_.obj
 0001:00003cf0       ?draw@Fl_Menu_Bar@@MAEXXZ  00404cf0 f   fltkd:Fl_Menu_Bar.obj
 0001:00003d97       ?handle@Fl_Menu_Bar@@UAEHH@Z 00404d97 f   fltkd:Fl_Menu_Bar.obj
 0001:00003ec0       ?submenu@Fl_Menu_Item@@QBEHXZ 00404ec0 f i fltkd:Fl_Menu_Bar.obj
 0001:00003ee0       ?test_shortcut@Fl_Menu_@@QAEPBUFl_Menu_Item@@XZ 00404ee0 f i fltkd:Fl_Menu_Bar.obj
 0001:00003f10       ??0Fl_Valuator@@IAE@HHHHPBD@Z 00404f10 f   fltkd:Fl_Valuator.obj
 0001:00003fd4       ?step@Fl_Valuator@@QAEXN@Z 00404fd4 f   fltkd:Fl_Valuator.obj
 0001:0000407d       ?precision@Fl_Valuator@@QAEXH@Z 0040507d f   fltkd:Fl_Valuator.obj
 0001:000040c6       ?value_damage@Fl_Valuator@@MAEXXZ 004050c6 f   fltkd:Fl_Valuator.obj
 0001:000040db       ?value@Fl_Valuator@@QAEHN@Z 004050db f   fltkd:Fl_Valuator.obj
 0001:00004123       ?softclamp@Fl_Valuator@@IAENN@Z 00405123 f   fltkd:Fl_Valuator.obj
 0001:0000423d       ?handle_drag@Fl_Valuator@@IAEXN@Z 0040523d f   fltkd:Fl_Valuator.obj
 0001:00004295       ?handle_release@Fl_Valuator@@IAEXXZ 00405295 f   fltkd:Fl_Valuator.obj
 0001:000042e1       ?round@Fl_Valuator@@QAENN@Z 004052e1 f   fltkd:Fl_Valuator.obj
 0001:0000432f       ?clamp@Fl_Valuator@@QAENN@Z 0040532f f   fltkd:Fl_Valuator.obj
 0001:000043e7       ?increment@Fl_Valuator@@QAENNH@Z 004053e7 f   fltkd:Fl_Valuator.obj
 0001:0000446a       ?format@Fl_Valuator@@UAEHPAD@Z 0040546a f   fltkd:Fl_Valuator.obj
 0001:00004520       ??_EFl_Valuator@@UAEPAXI@Z 00405520 f i fltkd:Fl_Valuator.obj
 0001:00004520       ??_EFl_Box@@UAEPAXI@Z      00405520 f i fltkd:fl_ask.obj
 0001:00004520       ??_EFl_Button@@UAEPAXI@Z   00405520 f i fltkd:Fl_Button.obj
 0001:00004520       ??_GFl_Box@@UAEPAXI@Z      00405520 f i fltkd:fl_ask.obj
 0001:00004520       ??_GFl_Valuator@@UAEPAXI@Z 00405520 f i fltkd:Fl_Valuator.obj
 0001:00004520       ??_GFl_Button@@UAEPAXI@Z   00405520 f i fltkd:Fl_Button.obj
 0001:00004550       ?rint@@YANN@Z              00405550 f i fltkd:Fl_Valuator.obj
 0001:00004570       ??0Fl_Value_Slider@@QAE@HHHHPBD@Z 00405570 f   fltkd:Fl_Value_Slider.obj
 0001:000045f8       ?draw@Fl_Value_Slider@@UAEXXZ 004055f8 f   fltkd:Fl_Value_Slider.obj
 0001:000048b6       ?handle@Fl_Value_Slider@@UAEHH@Z 004058b6 f   fltkd:Fl_Value_Slider.obj
 0001:00004990       ??1Fl_Return_Button@@UAE@XZ 00405990 f i fltkd:fl_ask.obj
 0001:00004990       ??1Fl_Slider@@UAE@XZ       00405990 f i fltkd:Fl_Value_Slider.obj
 0001:000049b0       ??1Fl_Scrollbar@@UAE@XZ    004059b0 f i fltkd:fl_file_chooser.obj
 0001:000049b0       ??1Fl_Value_Slider@@UAE@XZ 004059b0 f i fltkd:Fl_Value_Slider.obj
 0001:000049d0       ?color@Fl_Widget@@QBE?AW4Fl_Color@@XZ 004059d0 f i fltkd:Fl_Value_Slider.obj
 0001:000049f0       ?horizontal@Fl_Valuator@@IBEHXZ 004059f0 f i fltkd:Fl_Value_Slider.obj
 0001:00004a10       ?step@Fl_Valuator@@QAEXNH@Z 00405a10 f i fltkd:Fl_Value_Slider.obj
 0001:00004a40       ?textfont@Fl_Value_Slider@@QBE?AW4Fl_Font@@XZ 00405a40 f i fltkd:Fl_Value_Slider.obj
 0001:00004a60       ?textsize@Fl_Value_Slider@@QBEEXZ 00405a60 f i fltkd:Fl_Value_Slider.obj
 0001:00004a80       ?textcolor@Fl_Value_Slider@@QBE?AW4Fl_Color@@XZ 00405a80 f i fltkd:Fl_Value_Slider.obj
 0001:00004aa0       ?value@Fl_Button@@QAEHH@Z  00405aa0 f   fltkd:Fl_Button.obj
 0001:00004af0       ?setonly@Fl_Button@@QAEXXZ 00405af0 f   fltkd:Fl_Button.obj
 0001:00004b6f       ?draw@Fl_Button@@MAEXXZ    00405b6f f   fltkd:Fl_Button.obj
 0001:00004c27       ?handle@Fl_Button@@UAEHH@Z 00405c27 f   fltkd:Fl_Button.obj
 0001:00004eb3       ??0Fl_Button@@QAE@HHHHPBD@Z 00405eb3 f   fltkd:Fl_Button.obj
 0001:00004f50       ?down@@YA?AW4Fl_Boxtype@@W41@@Z 00405f50 f i fltkd:Fl_Button.obj
 0001:00004f60       ?selection_color@Fl_Widget@@QBE?AW4Fl_Color@@XZ 00405f60 f i fltkd:Fl_Button.obj
 0001:00004f80       ?value@Fl_Button@@QBEDXZ   00405f80 f i fltkd:Fl_Button.obj
 0001:00004fa0       ?menu@Fl_Menu_@@QBEPBUFl_Menu_Item@@XZ 00405fa0 f i fltkd:Fl_Menu_Bar.obj
 0001:00004fa0       ?shortcut@Fl_Button@@QBEHXZ 00405fa0 f i fltkd:Fl_Button.obj
 0001:00004fa0       ?value@Fl_Input_@@QBEPBDXZ 00405fa0 f i fltkd:fl_ask.obj
 0001:00004fc0       ?down_box@Fl_Button@@QBE?AW4Fl_Boxtype@@XZ 00405fc0 f i fltkd:Fl_Button.obj
 0001:00004fe0       ?down_box@Fl_Button@@QAEXW4Fl_Boxtype@@@Z 00405fe0 f i fltkd:Fl_Button.obj
 0001:00005000       ?children@Fl_Group@@QBEHXZ 00406000 f i fltkd:Fl_Button.obj
 0001:00005025       ?fl_file_chooser_callback@@YAXP6AXPBD@Z@Z 00406025 f   fltkd:fl_file_chooser.obj
 0001:0000504b       ?checkdir@FCB@@ABEHPBUdirent@@PAD@Z 0040604b f   fltkd:fl_file_chooser.obj
 0001:0000511b       ?item_first@FCB@@EBEPAXXZ  0040611b f   fltkd:fl_file_chooser.obj
 0001:0000512f       ?item_next@FCB@@EBEPAXPAX@Z 0040612f f   fltkd:fl_file_chooser.obj
 0001:00005157       ?item_prev@FCB@@EBEPAXPAX@Z 00406157 f   fltkd:fl_file_chooser.obj
 0001:0000517c       ?incr_height@FCB@@EBEHXZ   0040617c f   fltkd:fl_file_chooser.obj
 0001:00005197       ?item_height@FCB@@ABEHPBUdirent@@H@Z 00406197 f   fltkd:fl_file_chooser.obj
 0001:000053b4       ?item_height@FCB@@EBEHPAX@Z 004063b4 f   fltkd:fl_file_chooser.obj
 0001:000053d1       ?item_quick_height@FCB@@EBEHPAX@Z 004063d1 f   fltkd:fl_file_chooser.obj
 0001:000053ee       ?item_draw@FCB@@EBEXPAXHHHH@Z 004063ee f   fltkd:fl_file_chooser.obj
 0001:000054b8       ?item_width@FCB@@ABEHPBUdirent@@@Z 004064b8 f   fltkd:fl_file_chooser.obj
 0001:00005524       ?item_width@FCB@@EBEHPAX@Z 00406524 f   fltkd:fl_file_chooser.obj
 0001:0000553f       ?get@FCB@@QAEHPAD@Z        0040653f f   fltkd:fl_file_chooser.obj
 0001:0000570b       ?set@FCB@@QAEXPBD@Z        0040670b f   fltkd:fl_file_chooser.obj
 0001:00005dd9       ?draw@FCB@@EAEXXZ          00406dd9 f   fltkd:fl_file_chooser.obj
 0001:00005ecb       ?clear_prev@FCB@@AAEXXZ    00406ecb f   fltkd:fl_file_chooser.obj
 0001:00005f4a       ?clear@FCB@@QAEXXZ         00406f4a f   fltkd:fl_file_chooser.obj
 0001:00005fe8       ?handle@FCW@@UAEHH@Z       00406fe8 f   fltkd:fl_file_chooser.obj
 0001:000060a9       ??0FCW@@QAE@XZ             004070a9 f   fltkd:fl_file_chooser.obj
 0001:00006bf2       ?fl_file_chooser@@YAPADPBD00@Z 00407bf2 f   fltkd:fl_file_chooser.obj
 0001:00006f40       ??0FCB@@QAE@HHHH@Z         00407f40 f i fltkd:fl_file_chooser.obj
 0001:00007010       ??_GFCB@@UAEPAXI@Z         00408010 f i fltkd:fl_file_chooser.obj
 0001:00007010       ??_EFCB@@UAEPAXI@Z         00408010 f i fltkd:fl_file_chooser.obj
 0001:00007040       ??1Fl_Browser_@@UAE@XZ     00408040 f i fltkd:fl_file_chooser.obj
 0001:000070a0       ??1FCB@@UAE@XZ             004080a0 f i fltkd:fl_file_chooser.obj
 0001:000070c0       ?callback@Fl_Widget@@QAEXP6AXPAV1@PAX@Z1@Z 004080c0 f i fltkd:fl_file_chooser.obj
 0001:000070e0       ?begin@Fl_Group@@QAEXXZ    004080e0 f i fltkd:fl_file_chooser.obj
 0001:00007100       ?event_clicks@Fl@@SAHXZ    00408100 f i fltkd:fl_file_chooser.obj
 0001:00007110       ?event_button@Fl@@SAHXZ    00408110 f i fltkd:fl_file_chooser.obj
 0001:00007120       ?selection@Fl_Browser_@@IBEPAXXZ 00408120 f i fltkd:fl_file_chooser.obj
 0001:00007140       ?textfont@Fl_Browser_@@QBE?AW4Fl_Font@@XZ 00408140 f i fltkd:fl_file_chooser.obj
 0001:00007160       ?textsize@Fl_Browser_@@QBEEXZ 00408160 f i fltkd:fl_file_chooser.obj
 0001:00007180       ?textcolor@Fl_Browser_@@QBE?AW4Fl_Color@@XZ 00408180 f i fltkd:fl_file_chooser.obj
 0001:000071a0       ??_GFCW@@UAEPAXI@Z         004081a0 f i fltkd:fl_file_chooser.obj
 0001:000071a0       ??_EFCW@@UAEPAXI@Z         004081a0 f i fltkd:fl_file_chooser.obj
 0001:000071d0       ??1Fl_Input@@UAE@XZ        004081d0 f i fltkd:fl_file_chooser.obj
 0001:000071f0       ??1FCW@@UAE@XZ             004081f0 f i fltkd:fl_file_chooser.obj
 0001:00007250       ?position@Fl_Input_@@QAEHH@Z 00408250 f i fltkd:fl_file_chooser.obj
 0001:00007270       ?array@Fl_Group@@QBEPBQAVFl_Widget@@XZ 00408270 f   fltkd:Fl_Group.obj
 0001:0000729d       ?find@Fl_Group@@QBEHPBVFl_Widget@@@Z 0040829d f   fltkd:Fl_Group.obj
 0001:000072f0       ?handle@Fl_Group@@UAEHH@Z  004082f0 f   fltkd:Fl_Group.obj
 0001:000078e1       ?navigation@Fl_Group@@AAEHH@Z 004088e1 f   fltkd:Fl_Group.obj
 0001:00007a89       ??0Fl_Group@@QAE@HHHHPBD@Z 00408a89 f   fltkd:Fl_Group.obj
 0001:00007b2e       ?clear@Fl_Group@@QAEXXZ    00408b2e f   fltkd:Fl_Group.obj
 0001:00007bef       ??1Fl_Group@@UAE@XZ        00408bef f   fltkd:Fl_Group.obj
 0001:00007c40       ?insert@Fl_Group@@QAEXAAVFl_Widget@@H@Z 00408c40 f   fltkd:Fl_Group.obj
 0001:00007db8       ?add@Fl_Group@@QAEXAAVFl_Widget@@@Z 00408db8 f   fltkd:Fl_Group.obj
 0001:00007dd8       ?remove@Fl_Group@@QAEXAAVFl_Widget@@@Z 00408dd8 f   fltkd:Fl_Group.obj
 0001:00007eb1       ?init_sizes@Fl_Group@@QAEXXZ 00408eb1 f   fltkd:Fl_Group.obj
 0001:00007edd       ?sizes@Fl_Group@@IAEPAFXZ  00408edd f   fltkd:Fl_Group.obj
 0001:00008140       ?resize@Fl_Group@@UAEXHHHH@Z 00409140 f   fltkd:Fl_Group.obj
 0001:000084f7       ?draw@Fl_Group@@MAEXXZ     004094f7 f   fltkd:Fl_Group.obj
 0001:000085b0       ?update_child@Fl_Group@@IBEXAAVFl_Widget@@@Z 004095b0 f   fltkd:Fl_Group.obj
 0001:00008633       ?draw_child@Fl_Group@@IBEXAAVFl_Widget@@@Z 00409633 f   fltkd:Fl_Group.obj
 0001:000086b2       ?draw_outside_label@Fl_Group@@IBEXABVFl_Widget@@@Z 004096b2 f   fltkd:Fl_Group.obj
 0001:00008820       ?event_state@Fl@@SAHH@Z    00409820 f i fltkd:Fl_Group.obj
 0001:00008830       ??_GFl_Group@@UAEPAXI@Z    00409830 f i fltkd:Fl_Group.obj
 0001:00008830       ??_EFl_Group@@UAEPAXI@Z    00409830 f i fltkd:Fl_Group.obj
 0001:00008860       ?find@Fl_Group@@QBEHABVFl_Widget@@@Z 00409860 f i fltkd:Fl_Group.obj
 0001:00008880       ?size@Fl_Input_@@QBEHXZ    00409880 f i fltkd:fl_file_chooser.obj
 0001:00008880       ?resizable@Fl_Group@@QBEPAVFl_Widget@@XZ 00409880 f i fltkd:Fl_Group.obj
 0001:000088a0       ?add_fd@Fl@@SAXHHP6AXHPAX@Z0@Z 004098a0 f   fltkd:Fl_x.obj
 0001:000089f9       ?add_fd@Fl@@SAXHP6AXHPAX@Z0@Z 004099f9 f   fltkd:Fl_x.obj
 0001:00008a14       ?remove_fd@Fl@@SAXHH@Z     00409a14 f   fltkd:Fl_x.obj
 0001:00008c55       ?remove_fd@Fl@@SAXH@Z      00409c55 f   fltkd:Fl_x.obj
 0001:00008c68       ?fl_wait@@YAHN@Z           00409c68 f   fltkd:Fl_x.obj
 0001:00008f1e       ?fl_ready@@YAHXZ           00409f1e f   fltkd:Fl_x.obj
 0001:00008fb1       ?x@Fl@@SAHXZ               00409fb1 f   fltkd:Fl_x.obj
 0001:00008fce       ?y@Fl@@SAHXZ               00409fce f   fltkd:Fl_x.obj
 0001:00008feb       ?h@Fl@@SAHXZ               00409feb f   fltkd:Fl_x.obj
 0001:0000900b       ?w@Fl@@SAHXZ               0040a00b f   fltkd:Fl_x.obj
 0001:0000902b       ?get_mouse@Fl@@SAXAAH0@Z   0040a02b f   fltkd:Fl_x.obj
 0001:0000904f       ?fake_X_wm@Fl_X@@SAHPBVFl_Window@@AAH1111@Z 0040a04f f   fltkd:Fl_x.obj
 0001:0000928e       ?resize@Fl_Window@@UAEXHHHH@Z 0040a28e f   fltkd:Fl_x.obj
 0001:00009422       ?make@Fl_X@@SAPAV1@PAVFl_Window@@@Z 0040a422 f   fltkd:Fl_x.obj
 0001:0000a84c       ?size_range_@Fl_Window@@AAEXXZ 0040b84c f   fltkd:Fl_x.obj
 0001:0000a85e       ?set_minmax@Fl_X@@QAEXPAUtagMINMAXINFO@@@Z 0040b85e f   fltkd:Fl_x.obj
 0001:0000a937       ?filename_name@@YAPBDPBD@Z 0040b937 f   fltkd:Fl_x.obj
 0001:0000a9a5       ?label@Fl_Window@@QAEXPBD0@Z 0040b9a5 f   fltkd:Fl_x.obj
 0001:0000a9ff       ?show@Fl_Window@@UAEXXZ    0040b9ff f   fltkd:Fl_x.obj
 0001:0000aa5e       ?fl_GetDC@@YAPAUHDC__@@PAUHWND__@@@Z 0040ba5e f   fltkd:Fl_x.obj
 0001:0000aacc       ?make_current@Fl_Window@@QAEXXZ 0040bacc f   fltkd:Fl_x.obj
 0001:0000ab10       ?border@Fl_Window@@QBEHXZ  0040bb10 f i fltkd:Fl_x.obj
 0001:0000ab30       ?size_range@Fl_Window@@QAEXHHHHHHH@Z 0040bb30 f i fltkd:Fl_x.obj
 0001:0000ab90       ?icon@Fl_Window@@QBEPBXXZ  0040bb90 f i fltkd:Fl_x.obj
 0001:0000abb0       ?icon@Fl_Window@@QAEXPBX@Z 0040bbb0 f i fltkd:Fl_x.obj
 0001:0000abd0       ?setwindow@Fl_X@@QAEXPAVFl_Window@@@Z 0040bbd0 f i fltkd:Fl_x.obj
 0001:0000abf0       ?compose@Fl@@SAHAAH@Z      0040bbf0 f   fltkd:Fl_compose.obj
 0001:0000ae00       ?fl_rect@@YAXHHHH@Z        0040be00 f   fltkd:fl_rect.obj
 0001:0000ae9d       ?fl_rectf@@YAXHHHH@Z       0040be9d f   fltkd:fl_rect.obj
 0001:0000aeea       ?fl_xyline@@YAXHHH@Z       0040beea f   fltkd:fl_rect.obj
 0001:0000af1e       ?fl_xyline@@YAXHHHH@Z      0040bf1e f   fltkd:fl_rect.obj
 0001:0000af80       ?fl_xyline@@YAXHHHHH@Z     0040bf80 f   fltkd:fl_rect.obj
 0001:0000aff7       ?fl_yxline@@YAXHHH@Z       0040bff7 f   fltkd:fl_rect.obj
 0001:0000b044       ?fl_yxline@@YAXHHHH@Z      0040c044 f   fltkd:fl_rect.obj
 0001:0000b0a6       ?fl_yxline@@YAXHHHHH@Z     0040c0a6 f   fltkd:fl_rect.obj
 0001:0000b11d       ?fl_line@@YAXHHHH@Z        0040c11d f   fltkd:fl_rect.obj
 0001:0000b169       ?fl_line@@YAXHHHHHH@Z      0040c169 f   fltkd:fl_rect.obj
 0001:0000b1ca       ?fl_loop@@YAXHHHHHH@Z      0040c1ca f   fltkd:fl_rect.obj
 0001:0000b225       ?fl_loop@@YAXHHHHHHHH@Z    0040c225 f   fltkd:fl_rect.obj
 0001:0000b295       ?fl_polygon@@YAXHHHHHH@Z   0040c295 f   fltkd:fl_rect.obj
 0001:0000b2e8       ?fl_polygon@@YAXHHHHHHHH@Z 0040c2e8 f   fltkd:fl_rect.obj
 0001:0000b348       ?fl_point@@YAXHH@Z         0040c348 f   fltkd:fl_rect.obj
 0001:0000b368       ?fl_restore_clip@@YAXXZ    0040c368 f   fltkd:fl_rect.obj
 0001:0000b39e       ?fl_clip_region@@YAXPAUHRGN__@@@Z 0040c39e f   fltkd:fl_rect.obj
 0001:0000b3db       ?fl_clip@@YAXHHHH@Z        0040c3db f   fltkd:fl_rect.obj
 0001:0000b474       ?fl_push_no_clip@@YAXXZ    0040c474 f   fltkd:fl_rect.obj
 0001:0000b4a5       ?fl_pop_clip@@YAXXZ        0040c4a5 f   fltkd:fl_rect.obj
 0001:0000b4eb       ?fl_not_clipped@@YAHHHHH@Z 0040c4eb f   fltkd:fl_rect.obj
 0001:0000b578       ?fl_clip_box@@YAHHHHHAAH000@Z 0040c578 f   fltkd:fl_rect.obj
 0001:0000b690       ?current@Fl_Window@@SAPAV1@XZ 0040c690 f i fltkd:fl_rect.obj
 0001:0000b6a0       ?fl_RGB@@YAKXZ             0040c6a0 f i fltkd:fl_rect.obj
 0001:0000b6b0       ?hotspot@Fl_Window@@QAEXHHH@Z 0040c6b0 f   fltkd:Fl_Window_hotspot.obj
 0001:0000b6f1       ?hotspot@Fl_Window@@QAEXPBVFl_Widget@@H@Z 0040c6f1 f   fltkd:Fl_Window_hotspot.obj
 0001:0000b770       _vsnprintf                 0040c770 f   fltkd:vsnprintf.obj
 0001:0000ba8b       _snprintf                  0040ca8b f   fltkd:vsnprintf.obj
 0001:0000bac0       ?draw@Fl_Input@@UAEXXZ     0040cac0 f   fltkd:Fl_Input.obj
 0001:0000bb8d       ?shift_position@Fl_Input@@AAEHH@Z 0040cb8d f   fltkd:Fl_Input.obj
 0001:0000bbd0       ?shift_up_down_position@Fl_Input@@AAEHH@Z 0040cbd0 f   fltkd:Fl_Input.obj
 0001:0000bbf7       ?handle_key@Fl_Input@@AAEHXZ 0040cbf7 f   fltkd:Fl_Input.obj
 0001:0000c47f       ?handle@Fl_Input@@UAEHH@Z  0040d47f f   fltkd:Fl_Input.obj
 0001:0000c689       ??0Fl_Input@@QAE@HHHHPBD@Z 0040d689 f   fltkd:Fl_Input.obj
 0001:0000c6c0       ?event_state@Fl@@SAHXZ     0040d6c0 f i fltkd:Fl_Input.obj
 0001:0000c6d0       ?event_length@Fl@@SAHXZ    0040d6d0 f i fltkd:Fl_Input.obj
 0001:0000c6e0       ?event_is_click@Fl@@SAHXZ  0040d6e0 f i fltkd:Fl_Input.obj
 0001:0000c6f0       ?event_is_click@Fl@@SAXH@Z 0040d6f0 f i fltkd:Fl_Input.obj
 0001:0000c700       ??_GFl_Input@@UAEPAXI@Z    0040d700 f i fltkd:Fl_Input.obj
 0001:0000c700       ??_EFl_Input@@UAEPAXI@Z    0040d700 f i fltkd:Fl_Input.obj
 0001:0000c730       ?index@Fl_Input_@@QBEDH@Z  0040d730 f i fltkd:Fl_Input.obj
 0001:0000c750       ?position@Fl_Input_@@QBEHXZ 0040d750 f i fltkd:Fl_Input.obj
 0001:0000c770       ?mark@Fl_Input_@@QBEHXZ    0040d770 f i fltkd:Fl_Input.obj
 0001:0000c790       ?cut@Fl_Input_@@QAEHXZ     0040d790 f i fltkd:Fl_Input.obj
 0001:0000c7c0       ?cut@Fl_Input_@@QAEHH@Z    0040d7c0 f i fltkd:Fl_Input.obj
 0001:0000c7f0       ?cut@Fl_Input_@@QAEHHH@Z   0040d7f0 f i fltkd:Fl_Input.obj
 0001:0000c820       ?expand@Fl_Input_@@ABEPBDPBDPAD@Z 0040d820 f   fltkd:Fl_Input_.obj
 0001:0000ca21       ?expandpos@Fl_Input_@@ABENPBD00PAH@Z 0040da21 f   fltkd:Fl_Input_.obj
 0001:0000cb13       ?minimal_update@Fl_Input_@@AAEXH@Z 0040db13 f   fltkd:Fl_Input_.obj
 0001:0000cb7c       ?minimal_update@Fl_Input_@@AAEXHH@Z 0040db7c f   fltkd:Fl_Input_.obj
 0001:0000cba3       ?setfont@Fl_Input_@@ABEXXZ 0040dba3 f   fltkd:Fl_Input_.obj
 0001:0000cbcd       ?drawtext@Fl_Input_@@IAEXHHHH@Z 0040dbcd f   fltkd:Fl_Input_.obj
 0001:0000d61f       ?word_end@Fl_Input_@@IBEHH@Z 0040e61f f   fltkd:Fl_Input_.obj
 0001:0000d6cd       ?word_start@Fl_Input_@@IBEHH@Z 0040e6cd f   fltkd:Fl_Input_.obj
 0001:0000d720       ?line_end@Fl_Input_@@IBEHH@Z 0040e720 f   fltkd:Fl_Input_.obj
 0001:0000d778       ?line_start@Fl_Input_@@IBEHH@Z 0040e778 f   fltkd:Fl_Input_.obj
 0001:0000d7ce       ?handle_mouse@Fl_Input_@@IAEXHHHHH@Z 0040e7ce f   fltkd:Fl_Input_.obj
 0001:0000dd08       ?position@Fl_Input_@@QAEHHH@Z 0040ed08 f   fltkd:Fl_Input_.obj
 0001:0000de3d       ?up_down_position@Fl_Input_@@IAEHHH@Z 0040ee3d f   fltkd:Fl_Input_.obj
 0001:0000df8d       ?copy@Fl_Input_@@QAEHXZ    0040ef8d f   fltkd:Fl_Input_.obj
 0001:0000e043       ?replace@Fl_Input_@@QAEHHHPBDH@Z 0040f043 f   fltkd:Fl_Input_.obj
 0001:0000e4c4       ?undo@Fl_Input_@@QAEHXZ    0040f4c4 f   fltkd:Fl_Input_.obj
 0001:0000e676       ?copy_cuts@Fl_Input_@@QAEHXZ 0040f676 f   fltkd:Fl_Input_.obj
 0001:0000e6ac       ?maybe_do_callback@Fl_Input_@@IAEXXZ 0040f6ac f   fltkd:Fl_Input_.obj
 0001:0000e6e2       ?handletext@Fl_Input_@@IAEHHHHHH@Z 0040f6e2 f   fltkd:Fl_Input_.obj
 0001:0000e8dd       ??0Fl_Input_@@QAE@HHHHPBD@Z 0040f8dd f   fltkd:Fl_Input_.obj
 0001:0000e9da       ?put_in_buffer@Fl_Input_@@AAEXH@Z 0040f9da f   fltkd:Fl_Input_.obj
 0001:0000eb4e       ?static_value@Fl_Input_@@QAEHPBDH@Z 0040fb4e f   fltkd:Fl_Input_.obj
 0001:0000ecaa       ?static_value@Fl_Input_@@QAEHPBD@Z 0040fcaa f   fltkd:Fl_Input_.obj
 0001:0000ece7       ?value@Fl_Input_@@QAEHPBDH@Z 0040fce7 f   fltkd:Fl_Input_.obj
 0001:0000ed1e       ?value@Fl_Input_@@QAEHPBD@Z 0040fd1e f   fltkd:Fl_Input_.obj
 0001:0000ed5b       ?resize@Fl_Input_@@UAEXHHHH@Z 0040fd5b f   fltkd:Fl_Input_.obj
 0001:0000edae       ??1Fl_Input_@@UAE@XZ       0040fdae f   fltkd:Fl_Input_.obj
 0001:0000ee00       ?event_x@Fl@@SAHXZ         0040fe00 f i fltkd:Fl_Input_.obj
 0001:0000ee10       ?event_y@Fl@@SAHXZ         0040fe10 f i fltkd:Fl_Input_.obj
 0001:0000ee20       ?event_clicks@Fl@@SAXH@Z   0040fe20 f i fltkd:Fl_Input_.obj
 0001:0000ee30       ?textfont@Fl_Input_@@QBE?AW4Fl_Font@@XZ 0040fe30 f i fltkd:Fl_Input_.obj
 0001:0000ee50       ?textsize@Fl_Input_@@QBEEXZ 0040fe50 f i fltkd:Fl_Input_.obj
 0001:0000ee70       ?textcolor@Fl_Input_@@QBE?AW4Fl_Color@@XZ 0040fe70 f i fltkd:Fl_Input_.obj
 0001:0000ee90       ?cursor_color@Fl_Input_@@QBE?AW4Fl_Color@@XZ 0040fe90 f i fltkd:Fl_Input_.obj
 0001:0000eeb0       ?color@Fl_Widget@@QAEXEE@Z 0040feb0 f i fltkd:Fl_Input_.obj
 0001:0000eed0       ??_EFl_Input_@@UAEPAXI@Z   0040fed0 f i fltkd:Fl_Input_.obj
 0001:0000eed0       ??_GFl_Input_@@UAEPAXI@Z   0040fed0 f i fltkd:Fl_Input_.obj
 0001:0000ef00       ?draw@Fl_Box@@MAEXXZ       0040ff00 f   fltkd:Fl_Box.obj
 0001:0000ef20       ?test_shortcut@Fl@@SAHH@Z  0040ff20 f   fltkd:fl_shortcut.obj
 0001:0000efea       ?fl_shortcut_label@@YAPBDH@Z 0040ffea f   fltkd:fl_shortcut.obj
 0001:0000f216       ?fl_old_shortcut@@YAHPBD@Z 00410216 f   fltkd:fl_shortcut.obj
 0001:0000f2c9       ?test_shortcut@Fl_Widget@@SAHPBD@Z 004102c9 f   fltkd:fl_shortcut.obj
 0001:0000f34a       ?test_shortcut@Fl_Widget@@QAEHXZ 0041034a f   fltkd:fl_shortcut.obj
 0001:0000f380       ?fl_return_arrow@@YAHHHHH@Z 00410380 f   fltkd:Fl_Return_Button.obj
 0001:0000f4f0       ?draw@Fl_Return_Button@@MAEXXZ 004104f0 f   fltkd:Fl_Return_Button.obj
 0001:0000f63a       ?handle@Fl_Return_Button@@UAEHH@Z 0041063a f   fltkd:Fl_Return_Button.obj
 0001:0000f680       ?fl_gray_ramp@@YA?AW4Fl_Color@@H@Z 00410680 f i fltkd:Fl_Return_Button.obj
 0001:0000f690       ?find@Fl_Gl_Choice@@SAPAV1@HPBH@Z 00410690 f   fltkd:Fl_Gl_Choice.obj
 0001:0000f88d       ?fl_create_gl_context@@YAPAUHGLRC__@@PAVFl_Window@@PBVFl_Gl_Choice@@H@Z 0041088d f   fltkd:Fl_Gl_Choice.obj
 0001:0000f967       ?fl_set_gl_context@@YAXPAVFl_Window@@PAUHGLRC__@@@Z 00410967 f   fltkd:Fl_Gl_Choice.obj
 0001:0000f9ad       ?fl_no_gl_context@@YAXXZ   004109ad f   fltkd:Fl_Gl_Choice.obj
 0001:0000f9d0       ?fl_delete_gl_context@@YAXPAUHGLRC__@@@Z 004109d0 f   fltkd:Fl_Gl_Choice.obj
 0001:0000fac0       ?get_color@Fl@@SAIW4Fl_Color@@@Z 00410ac0 f   fltkd:fl_color.obj
 0001:0000facf       ?set_color@Fl@@SAXW4Fl_Color@@EEE@Z 00410acf f   fltkd:fl_color.obj
 0001:0000fb08       ?get_color@Fl@@SAXW4Fl_Color@@AAE11@Z 00410b08 f   fltkd:fl_color.obj
 0001:0000fb3e       ?fl_color_average@@YA?AW4Fl_Color@@W41@0M@Z 00410b3e f   fltkd:fl_color.obj
 0001:0000fcba       ?inactive@@YA?AW4Fl_Color@@W41@@Z 00410cba f   fltkd:fl_color.obj
 0001:0000fcd2       ?contrast@@YA?AW4Fl_Color@@W41@0@Z 00410cd2 f   fltkd:fl_color.obj
 0001:0000fd24       ?fl_color@@YAXW4Fl_Color@@@Z 00410d24 f   fltkd:fl_color.obj
 0001:0000fe04       ?fl_color@@YAXEEE@Z        00410e04 f   fltkd:fl_color.obj
 0001:0000ff2e       ?fl_brush@@YAPAUHBRUSH__@@XZ 00410f2e f   fltkd:fl_color.obj
 0001:00010103       ?free_color@Fl@@SAXW4Fl_Color@@H@Z 00411103 f   fltkd:fl_color.obj
 0001:00010124       ?set_color@Fl@@SAXW4Fl_Color@@I@Z 00411124 f   fltkd:fl_color.obj
 0001:0001015a       ?fl_select_palette@@YAPAUHPALETTE__@@XZ 0041115a f   fltkd:fl_color.obj
 0001:000102b0       ?fl_color_cube@@YA?AW4Fl_Color@@HHH@Z 004112b0 f i fltkd:fl_color.obj
 0001:000102d0       ?size@Fl_Menu_Item@@QBEHXZ 004112d0 f   fltkd:Fl_Menu.obj
 0001:00010337       ?next@Fl_Menu_Item@@QBEPBU1@H@Z 00411337 f   fltkd:Fl_Menu.obj
 0001:000103c0       ?measure@Fl_Menu_Item@@QBEHPAHPBVFl_Menu_@@@Z 004113c0 f   fltkd:Fl_Menu.obj
 0001:000104c6       ?draw@Fl_Menu_Item@@QBEXHHHHPBVFl_Menu_@@H@Z 004114c6 f   fltkd:Fl_Menu.obj
 0001:00010989       ??0menutitle@@QAE@HHHHPBUFl_Menu_Item@@@Z 00411989 f   fltkd:Fl_Menu.obj
 0001:00010a1e       ??0menuwindow@@QAE@PBUFl_Menu_Item@@HHHH00HH@Z 00411a1e f   fltkd:Fl_Menu.obj
 0001:00010f02       ??1menuwindow@@UAE@XZ      00411f02 f   fltkd:Fl_Menu.obj
 0001:00010f7a       ?position@menuwindow@@QAEXHH@Z 00411f7a f   fltkd:Fl_Menu.obj
 0001:00010fcc       ?autoscroll@menuwindow@@QAEXH@Z 00411fcc f   fltkd:Fl_Menu.obj
 0001:0001106f       ?drawentry@menuwindow@@AAEXPBUFl_Menu_Item@@HH@Z 0041206f f   fltkd:Fl_Menu.obj
 0001:000112e5       ?draw@menutitle@@EAEXXZ    004122e5 f   fltkd:Fl_Menu.obj
 0001:00011319       ?draw@menuwindow@@EAEXXZ   00412319 f   fltkd:Fl_Menu.obj
 0001:0001142d       ?set_selected@menuwindow@@QAEXH@Z 0041242d f   fltkd:Fl_Menu.obj
 0001:00011458       ?find_selected@menuwindow@@QAEHHH@Z 00412458 f   fltkd:Fl_Menu.obj
 0001:0001159a       ?titlex@menuwindow@@QAEHH@Z 0041259a f   fltkd:Fl_Menu.obj
 0001:000115f8       ?handle@menuwindow@@UAEHH@Z 004125f8 f   fltkd:Fl_Menu.obj
 0001:00011c5e       ?pulldown@Fl_Menu_Item@@QBEPBU1@HHHHPBU1@PBVFl_Menu_@@0H@Z 00412c5e f   fltkd:Fl_Menu.obj
 0001:0001261f       ?popup@Fl_Menu_Item@@QBEPBU1@HHPBDPBU1@PBVFl_Menu_@@@Z 0041361f f   fltkd:Fl_Menu.obj
 0001:00012660       ?find_shortcut@Fl_Menu_Item@@QBEPBU1@PAH@Z 00413660 f   fltkd:Fl_Menu.obj
 0001:000126ea       ?test_shortcut@Fl_Menu_Item@@QBEPBU1@XZ 004136ea f   fltkd:Fl_Menu.obj
 0001:000127a0       ??_Gmenutitle@@UAEPAXI@Z   004137a0 f i fltkd:Fl_Menu.obj
 0001:000127a0       ??_Emenutitle@@UAEPAXI@Z   004137a0 f i fltkd:Fl_Menu.obj
 0001:000127d0       ??1menutitle@@UAE@XZ       004137d0 f i fltkd:Fl_Menu.obj
 0001:000127f0       ?w@Fl_Widget@@IAEXH@Z      004137f0 f i fltkd:Fl_Menu.obj
 0001:00012810       ?h@Fl_Widget@@IAEXH@Z      00413810 f i fltkd:Fl_Menu.obj
 0001:00012830       ??_Emenuwindow@@UAEPAXI@Z  00413830 f i fltkd:Fl_Menu.obj
 0001:00012830       ??_Gmenuwindow@@UAEPAXI@Z  00413830 f i fltkd:Fl_Menu.obj
 0001:00012860       ?clear_border@Fl_Window@@QAEXXZ 00413860 f i fltkd:Fl_Menu.obj
 0001:00012880       ?event_x_root@Fl@@SAHXZ    00413880 f i fltkd:Fl_Menu.obj
 0001:00012890       ?event_y_root@Fl@@SAHXZ    00413890 f i fltkd:Fl_Menu.obj
 0001:000128a0       ?event_shift@Fl@@SAHXZ     004138a0 f i fltkd:Fl_Menu.obj
 0001:000128b0       ?clear_overlay@Fl_Menu_Window@@QAEXXZ 004138b0 f i fltkd:Fl_Menu.obj
 0001:000128d0       ??0Fl_Menu_Window@@QAE@HHHHPBD@Z 004138d0 f i fltkd:Fl_Menu.obj
 0001:00012910       ??0Fl_Single_Window@@QAE@HHHHPBD@Z 00413910 f i fltkd:Fl_Menu.obj
 0001:00012950       ??_EFl_Single_Window@@UAEPAXI@Z 00413950 f i fltkd:Fl_Menu.obj
 0001:00012950       ??_GFl_Single_Window@@UAEPAXI@Z 00413950 f i fltkd:Fl_Menu.obj
 0001:00012980       ??1Fl_Single_Window@@UAE@XZ 00413980 f i fltkd:Fl_Menu.obj
 0001:000129a0       ??_EFl_Menu_Window@@UAEPAXI@Z 004139a0 f i fltkd:Fl_Menu.obj
 0001:000129a0       ??_GFl_Menu_Window@@UAEPAXI@Z 004139a0 f i fltkd:Fl_Menu.obj
 0001:000129d0       ?grab@Fl@@SAXAAVFl_Window@@@Z 004139d0 f i fltkd:Fl_Menu.obj
 0001:000129f0       ?release@Fl@@SAXXZ         004139f0 f i fltkd:Fl_Menu.obj
 0001:00012a00       ?visible@Fl_Menu_Item@@QBEHXZ 00413a00 f i fltkd:Fl_Menu.obj
 0001:00012a20       ?active@Fl_Menu_Item@@QBEHXZ 00413a20 f i fltkd:Fl_Menu.obj
 0001:00012a40       ?activevisible@Fl_Menu_Item@@QBEHXZ 00413a40 f i fltkd:Fl_Menu.obj
 0001:00012a60       ?textfont@Fl_Menu_@@QBE?AW4Fl_Font@@XZ 00413a60 f i fltkd:Fl_Menu.obj
 0001:00012a80       ?textsize@Fl_Menu_@@QBEEXZ 00413a80 f i fltkd:Fl_Menu.obj
 0001:00012aa0       ?textcolor@Fl_Menu_@@QBE?AW4Fl_Color@@XZ 00413aa0 f i fltkd:Fl_Menu.obj
 0001:00012ac0       ?down_box@Fl_Menu_@@QBE?AW4Fl_Boxtype@@XZ 00413ac0 f i fltkd:Fl_Menu.obj
 0001:00012ae0       ?fl_gray_ramp@@YAPAEXZ     00413ae0 f   fltkd:fl_boxtype.obj
 0001:00012b07       ?fl_frame@@YAXPBDHHHH@Z    00413b07 f   fltkd:fl_boxtype.obj
 0001:00012cae       ?fl_frame2@@YAXPBDHHHH@Z   00413cae f   fltkd:fl_boxtype.obj
 0001:00012e55       ?fl_no_box@@YAXHHHHW4Fl_Color@@@Z 00413e55 f   fltkd:fl_boxtype.obj
 0001:00012e5a       ?fl_thin_down_frame@@YAXHHHHW4Fl_Color@@@Z 00413e5a f   fltkd:fl_boxtype.obj
 0001:00012e7c       ?fl_thin_down_box@@YAXHHHHW4Fl_Color@@@Z 00413e7c f   fltkd:fl_boxtype.obj
 0001:00012ecd       ?fl_thin_up_frame@@YAXHHHHW4Fl_Color@@@Z 00413ecd f   fltkd:fl_boxtype.obj
 0001:00012eef       ?fl_thin_up_box@@YAXHHHHW4Fl_Color@@@Z 00413eef f   fltkd:fl_boxtype.obj
 0001:00012f40       ?fl_up_frame@@YAXHHHHW4Fl_Color@@@Z 00413f40 f   fltkd:fl_boxtype.obj
 0001:00012f62       ?fl_up_box@@YAXHHHHW4Fl_Color@@@Z 00413f62 f   fltkd:fl_boxtype.obj
 0001:00012fb3       ?fl_down_frame@@YAXHHHHW4Fl_Color@@@Z 00413fb3 f   fltkd:fl_boxtype.obj
 0001:00012fd5       ?fl_down_box@@YAXHHHHW4Fl_Color@@@Z 00413fd5 f   fltkd:fl_boxtype.obj
 0001:00013026       ?fl_engraved_frame@@YAXHHHHW4Fl_Color@@@Z 00414026 f   fltkd:fl_boxtype.obj
 0001:00013048       ?fl_engraved_box@@YAXHHHHW4Fl_Color@@@Z 00414048 f   fltkd:fl_boxtype.obj
 0001:00013099       ?fl_embossed_frame@@YAXHHHHW4Fl_Color@@@Z 00414099 f   fltkd:fl_boxtype.obj
 0001:000130bb       ?fl_embossed_box@@YAXHHHHW4Fl_Color@@@Z 004140bb f   fltkd:fl_boxtype.obj
 0001:0001310c       ?fl_rectbound@@YAXHHHHW4Fl_Color@@@Z 0041410c f   fltkd:fl_boxtype.obj
 0001:00013163       ?fl_rectf@@YAXHHHHW4Fl_Color@@@Z 00414163 f   fltkd:fl_boxtype.obj
 0001:0001318c       ?fl_border_frame@@YAXHHHHW4Fl_Color@@@Z 0041418c f   fltkd:fl_boxtype.obj
 0001:000131b5       ?box_dx@Fl@@SAHW4Fl_Boxtype@@@Z 004141b5 f   fltkd:fl_boxtype.obj
 0001:000131c8       ?box_dy@Fl@@SAHW4Fl_Boxtype@@@Z 004141c8 f   fltkd:fl_boxtype.obj
 0001:000131db       ?box_dw@Fl@@SAHW4Fl_Boxtype@@@Z 004141db f   fltkd:fl_boxtype.obj
 0001:000131ee       ?box_dh@Fl@@SAHW4Fl_Boxtype@@@Z 004141ee f   fltkd:fl_boxtype.obj
 0001:00013201       ?fl_internal_boxtype@@YAXW4Fl_Boxtype@@P6AXHHHHW4Fl_Color@@@Z@Z 00414201 f   fltkd:fl_boxtype.obj
 0001:00013213       ?set_boxtype@Fl@@SAXW4Fl_Boxtype@@P6AXHHHHW4Fl_Color@@@ZEEEE@Z 00414213 f   fltkd:fl_boxtype.obj
 0001:00013259       ?set_boxtype@Fl@@SAXW4Fl_Boxtype@@0@Z 00414259 f   fltkd:fl_boxtype.obj
 0001:00013280       ?fl_draw_box@@YAXW4Fl_Boxtype@@HHHHW4Fl_Color@@@Z 00414280 f   fltkd:fl_boxtype.obj
 0001:000132ac       ?draw_box@Fl_Widget@@IBEXXZ 004142ac f   fltkd:fl_boxtype.obj
 0001:00013301       ?draw_box@Fl_Widget@@IBEXW4Fl_Boxtype@@W4Fl_Color@@@Z 00414301 f   fltkd:fl_boxtype.obj
 0001:0001333e       ?draw_box@Fl_Widget@@IBEXW4Fl_Boxtype@@HHHHW4Fl_Color@@@Z 0041433e f   fltkd:fl_boxtype.obj
 0001:00013390       ?fl_color@@YAXH@Z          00414390 f i fltkd:fl_boxtype.obj
 0001:000133b0       ?_Fl_Slider@Fl_Slider@@AAEXXZ 004143b0 f   fltkd:Fl_Slider.obj
 0001:000133cc       ??0Fl_Slider@@QAE@HHHHPBD@Z 004143cc f   fltkd:Fl_Slider.obj
 0001:00013440       ??0Fl_Slider@@QAE@EHHHHPBD@Z 00414440 f   fltkd:Fl_Slider.obj
 0001:000134f0       ?slider_size@Fl_Slider@@QAEXN@Z 004144f0 f   fltkd:Fl_Slider.obj
 0001:00013561       ?bounds@Fl_Slider@@QAEXNN@Z 00414561 f   fltkd:Fl_Slider.obj
 0001:000135b4       ?scrollvalue@Fl_Slider@@QAEHHHHH@Z 004145b4 f   fltkd:Fl_Slider.obj
 0001:00013658       ?draw_bg@Fl_Slider@@AAEXHHHH@Z 00414658 f   fltkd:Fl_Slider.obj
 0001:0001370f       ?draw@Fl_Slider@@IAEXHHHH@Z 0041470f f   fltkd:Fl_Slider.obj
 0001:00013b9d       ?draw@Fl_Slider@@UAEXXZ    00414b9d f   fltkd:Fl_Slider.obj
 0001:00013c48       ?handle@Fl_Slider@@IAEHHHHHH@Z 00414c48 f   fltkd:Fl_Slider.obj
 0001:00014016       ?handle@Fl_Slider@@UAEHH@Z 00415016 f   fltkd:Fl_Slider.obj
 0001:000140b0       ?handle_push@Fl_Valuator@@IAEXXZ 004150b0 f i fltkd:Fl_Slider.obj
 0001:000140d0       ?bounds@Fl_Valuator@@QAEXNN@Z 004150d0 f i fltkd:Fl_Slider.obj
 0001:00014100       ?minimum@Fl_Valuator@@QBENXZ 00415100 f i fltkd:Fl_Slider.obj
 0001:00014120       ?maximum@Fl_Valuator@@QBENXZ 00415120 f i fltkd:Fl_Slider.obj
 0001:00014140       ?slider@Fl_Slider@@QBE?AW4Fl_Boxtype@@XZ 00415140 f i fltkd:Fl_Slider.obj
 0001:00014160       ?fl_draw@@YAXPBDHHHHW4Fl_Align@@P6AX0HHH@Z@Z 00415160 f   fltkd:fl_draw.obj
 0001:000145e0       ?fl_draw@@YAXPBDHHHHW4Fl_Align@@@Z 004155e0 f   fltkd:fl_draw.obj
 0001:0001467a       ?fl_measure@@YAXPBDAAH1@Z  0041567a f   fltkd:fl_draw.obj
 0001:00014770       ??0Fl_FontSize@@QAE@PBDH@Z 00415770 f   fltkd:fl_font.obj
 0001:000148e1       ??1Fl_FontSize@@QAE@XZ     004158e1 f   fltkd:fl_font.obj
 0001:0001490e       ?fl_font@@YAXHH@Z          0041590e f   fltkd:fl_font.obj
 0001:00014a3b       ?fl_height@@YAHXZ          00415a3b f   fltkd:fl_font.obj
 0001:00014a57       ?fl_descent@@YAHXZ         00415a57 f   fltkd:fl_font.obj
 0001:00014a67       ?fl_width@@YANPBD@Z        00415a67 f   fltkd:fl_font.obj
 0001:00014aae       ?fl_width@@YANPBDH@Z       00415aae f   fltkd:fl_font.obj
 0001:00014afb       ?fl_width@@YANE@Z          00415afb f   fltkd:fl_font.obj
 0001:00014b12       ?fl_draw@@YAXPBDHHH@Z      00415b12 f   fltkd:fl_font.obj
 0001:00014b5c       ?fl_draw@@YAXPBDHH@Z       00415b5c f   fltkd:fl_font.obj
 0001:00014b90       ?fl_no_label@@YAXPBUFl_Label@@HHHHW4Fl_Align@@@Z 00415b90 f   fltkd:fl_labeltype.obj
 0001:00014b95       ?fl_normal_label@@YAXPBUFl_Label@@HHHHW4Fl_Align@@@Z 00415b95 f   fltkd:fl_labeltype.obj
 0001:00014be7       ?fl_normal_measure@@YAXPBUFl_Label@@AAH1@Z 00415be7 f   fltkd:fl_labeltype.obj
 0001:00014c1c       ?set_labeltype@Fl@@SAXW4Fl_Labeltype@@P6AXPBUFl_Label@@HHHHW4Fl_Align@@@ZP6AX1AAH4@Z@Z 00415c1c f   fltkd:fl_labeltype.obj
 0001:00014c3b       ?draw@Fl_Label@@QBEXHHHHW4Fl_Align@@@Z 00415c3b f   fltkd:fl_labeltype.obj
 0001:00014c7c       ?measure@Fl_Label@@QBEXAAH0@Z 00415c7c f   fltkd:fl_labeltype.obj
 0001:00014cc6       ?draw_label@Fl_Widget@@IBEXXZ 00415cc6 f   fltkd:fl_labeltype.obj
 0001:00014d7c       ?draw_label@Fl_Widget@@IBEXHHHH@Z 00415d7c f   fltkd:fl_labeltype.obj
 0001:00014dca       ?draw_label@Fl_Widget@@QBEXHHHHW4Fl_Align@@@Z 00415dca f   fltkd:fl_labeltype.obj
 0001:00014e50       ?filename_isdir@@YAHPBD@Z  00415e50 f   fltkd:filename_isdir.obj
 0001:00014f10       ?filename_match@@YAHPBD0@Z 00415f10 f   fltkd:filename_match.obj
 0001:00015390       ?bbox@Fl_Browser_@@IBEXAAH000@Z 00416390 f   fltkd:Fl_Browser_.obj
 0001:000154e2       ?leftedge@Fl_Browser_@@IBEHXZ 004164e2 f   fltkd:Fl_Browser_.obj
 0001:0001550a       ?resize@Fl_Browser_@@UAEXHHHH@Z 0041650a f   fltkd:Fl_Browser_.obj
 0001:000155e4       ?redraw_line@Fl_Browser_@@IAEXPAX@Z 004165e4 f   fltkd:Fl_Browser_.obj
 0001:0001564d       ?update_top@Fl_Browser_@@AAEXXZ 0041664d f   fltkd:Fl_Browser_.obj
 0001:0001584f       ?position@Fl_Browser_@@QAEXH@Z 0041684f f   fltkd:Fl_Browser_.obj
 0001:00015892       ?hposition@Fl_Browser_@@QAEXH@Z 00416892 f   fltkd:Fl_Browser_.obj
 0001:000158d5       ?displayed@Fl_Browser_@@IBEHPAX@Z 004168d5 f   fltkd:Fl_Browser_.obj
 0001:0001595b       ?display@Fl_Browser_@@QAEXPAX@Z 0041695b f   fltkd:Fl_Browser_.obj
 0001:00015b43       ?draw@Fl_Browser_@@MAEXXZ  00416b43 f   fltkd:Fl_Browser_.obj
 0001:000163e7       ?new_list@Fl_Browser_@@IAEXXZ 004173e7 f   fltkd:Fl_Browser_.obj
 0001:00016454       ?deleting@Fl_Browser_@@IAEXPAX@Z 00417454 f   fltkd:Fl_Browser_.obj
 0001:0001651d       ?replacing@Fl_Browser_@@IAEXPAX0@Z 0041751d f   fltkd:Fl_Browser_.obj
 0001:0001657d       ?inserting@Fl_Browser_@@IAEXPAX0@Z 0041757d f   fltkd:Fl_Browser_.obj
 0001:000165b6       ?find_item@Fl_Browser_@@IAEPAXH@Z 004175b6 f   fltkd:Fl_Browser_.obj
 0001:00016653       ?select@Fl_Browser_@@QAEHPAXHH@Z 00417653 f   fltkd:Fl_Browser_.obj
 0001:000167b7       ?deselect@Fl_Browser_@@QAEHH@Z 004177b7 f   fltkd:Fl_Browser_.obj
 0001:00016867       ?select_only@Fl_Browser_@@QAEHPAXH@Z 00417867 f   fltkd:Fl_Browser_.obj
 0001:0001691b       ?handle@Fl_Browser_@@UAEHH@Z 0041791b f   fltkd:Fl_Browser_.obj
 0001:000171d9       ??0Fl_Browser_@@IAE@HHHHPBD@Z 004181d9 f   fltkd:Fl_Browser_.obj
 0001:000173a5       ?item_quick_height@Fl_Browser_@@MBEHPAX@Z 004183a5 f   fltkd:Fl_Browser_.obj
 0001:000173c1       ?incr_height@Fl_Browser_@@MBEHXZ 004183c1 f   fltkd:Fl_Browser_.obj
 0001:000173e3       ?full_height@Fl_Browser_@@MBEHXZ 004183e3 f   fltkd:Fl_Browser_.obj
 0001:0001743b       ?full_width@Fl_Browser_@@MBEHXZ 0041843b f   fltkd:Fl_Browser_.obj
 0001:0001744c       ?item_select@Fl_Browser_@@MAEXPAXH@Z 0041844c f   fltkd:Fl_Browser_.obj
 0001:00017459       ?item_selected@Fl_Browser_@@MBEHPAX@Z 00418459 f   fltkd:Fl_Browser_.obj
 0001:00017480       ?value@Fl_Scrollbar@@QAEHHHHH@Z 00418480 f i fltkd:Fl_Browser_.obj
 0001:000174b0       ?linesize@Fl_Scrollbar@@QAEXH@Z 004184b0 f i fltkd:Fl_Browser_.obj
 0001:000174d0       ?top@Fl_Browser_@@IBEPAXXZ 004184d0 f i fltkd:Fl_Browser_.obj
 0001:000174f0       ?redraw_lines@Fl_Browser_@@IAEXXZ 004184f0 f i fltkd:Fl_Browser_.obj
 0001:00017510       ?value@Fl_Scrollbar@@QAEHXZ 00418510 f i fltkd:Fl_Browser_.obj
 0001:00017530       ??_EFl_Browser_@@UAEPAXI@Z 00418530 f i fltkd:Fl_Browser_.obj
 0001:00017530       ??_GFl_Browser_@@UAEPAXI@Z 00418530 f i fltkd:Fl_Browser_.obj
 0001:00017560       ?filename_list@@YAHPBDPAPAPAUdirent@@@Z 00418560 f   fltkd:filename_list.obj
 0001:00017580       ?filename_expand@@YAHPADPBD@Z 00418580 f   fltkd:filename_expand.obj
 0001:00017810       ?filename_absolute@@YAHPADPBD@Z 00418810 f   fltkd:filename_absolute.obj
 0001:00017a20       ?isdirsep@@YAHD@Z          00418a20 f i fltkd:filename_absolute.obj
 0001:00017a50       ?selection@Fl@@SAXAAVFl_Widget@@PBDH@Z 00418a50 f   fltkd:Fl_cutpaste.obj
 0001:00017c43       ?paste@Fl@@SAXAAVFl_Widget@@@Z 00418c43 f   fltkd:Fl_cutpaste.obj
 0001:00017d50       ?show@Fl_Menu_Window@@UAEXXZ 00418d50 f   fltkd:Fl_Menu_Window.obj
 0001:00017d63       ?flush@Fl_Menu_Window@@UAEXXZ 00418d63 f   fltkd:Fl_Menu_Window.obj
 0001:00017d76       ?erase@Fl_Menu_Window@@QAEXXZ 00418d76 f   fltkd:Fl_Menu_Window.obj
 0001:00017d81       ?hide@Fl_Menu_Window@@UAEXXZ 00418d81 f   fltkd:Fl_Menu_Window.obj
 0001:00017d9c       ??1Fl_Menu_Window@@UAE@XZ  00418d9c f   fltkd:Fl_Menu_Window.obj
 0001:00017df0       ?show@Fl_Single_Window@@UAEXXZ 00418df0 f   fltkd:Fl_Single_Window.obj
 0001:00017e03       ?flush@Fl_Single_Window@@UAEXXZ 00418e03 f   fltkd:Fl_Single_Window.obj
 0001:00017e20       ?grab@Fl@@SAXPAVFl_Window@@@Z 00418e20 f   fltkd:Fl_grab.obj
 0001:00017ea0       ?increment_cb@Fl_Scrollbar@@AAEXXZ 00418ea0 f   fltkd:Fl_Scrollbar.obj
 0001:00017fd2       ?timeout_cb@Fl_Scrollbar@@CAXPAX@Z 00418fd2 f   fltkd:Fl_Scrollbar.obj
 0001:00018003       ?handle@Fl_Scrollbar@@UAEHH@Z 00419003 f   fltkd:Fl_Scrollbar.obj
 0001:0001860a       ?draw@Fl_Scrollbar@@MAEXXZ 0041960a f   fltkd:Fl_Scrollbar.obj
 0001:00018ab7       ??0Fl_Scrollbar@@QAE@HHHHPBD@Z 00419ab7 f   fltkd:Fl_Scrollbar.obj
 0001:00018b60       ?labelcolor@Fl_Widget@@QBE?AW4Fl_Color@@XZ 00419b60 f i fltkd:Fl_Scrollbar.obj
 0001:00018b80       ??_GFl_Scrollbar@@UAEPAXI@Z 00419b80 f i fltkd:Fl_Scrollbar.obj
 0001:00018b80       ??_EFl_Value_Slider@@UAEPAXI@Z 00419b80 f i fltkd:Fl_Value_Slider.obj
 0001:00018b80       ??_EFl_Scrollbar@@UAEPAXI@Z 00419b80 f i fltkd:Fl_Scrollbar.obj
 0001:00018b80       ??_GFl_Value_Slider@@UAEPAXI@Z 00419b80 f i fltkd:Fl_Value_Slider.obj
 0001:00018bb0       ?slider_size@Fl_Slider@@QBEMXZ 00419bb0 f i fltkd:Fl_Scrollbar.obj
 0001:00018bd0       ?slider@Fl_Slider@@QAEXW4Fl_Boxtype@@@Z 00419bd0 f i fltkd:Fl_Scrollbar.obj
 0001:00018bf0       _scandir                   00419bf0 f   fltkd:scandir.obj
 0001:00018eed       _alphasort                 00419eed f   fltkd:scandir.obj
 0001:00018f10       _numericsort               00419f10 f   fltkd:numericsort.obj
 0001:00019230       _WinMain@16                0041a230 f   fltkd:fl_call_main.obj
 0001:000192f0       ?GetOption@@YAHHPAPADPAD0@Z 0041a2f0 f   getopt.obj
 0001:000193d0       ?getopt@@YAHHPAPADPAD@Z    0041a3d0 f   getopt.obj
 0001:00019410       ??0?$basic_string@DU?$char_traits@D@std@@V?$allocator@D@2@@std@@QAE@PBD@Z 0041a410 f i main.obj
 0001:00019470       ??3@YAXPAX0@Z              0041a470 f i main.obj
 0001:00019480       ??_G_System_error_category@std@@UAEPAXI@Z 0041a480 f i main.obj
 0001:00019480       ??_E_System_error_category@std@@UAEPAXI@Z 0041a480 f i main.obj
 0001:00019480       ??_E_Iostream_error_category@std@@UAEPAXI@Z 0041a480 f i main.obj
 0001:00019480       ??_G_Iostream_error_category@std@@UAEPAXI@Z 0041a480 f i main.obj
 0001:00019480       ??_G_Generic_error_category@std@@UAEPAXI@Z 0041a480 f i main.obj
 0001:00019480       ??_Eerror_category@std@@UAEPAXI@Z 0041a480 f i main.obj
 0001:00019480       ??_Gerror_category@std@@UAEPAXI@Z 0041a480 f i main.obj
 0001:00019480       ??_E_Generic_error_category@std@@UAEPAXI@Z 0041a480 f i main.obj
 0001:000194b0       ?_Copy@?$basic_string@DU?$char_traits@D@std@@V?$allocator@D@2@@std@@QAEXII@Z 0041a4b0 f i main.obj
 0001:00019600       ?_Eos@?$basic_string@DU?$char_traits@D@std@@V?$allocator@D@2@@std@@QAEXI@Z 0041a600 f i main.obj
 0001:00019630       ?_Grow@?$basic_string@DU?$char_traits@D@std@@V?$allocator@D@2@@std@@QAE_NI_N@Z 0041a630 f i main.obj
 0001:000196e0       ?allocate@?$_Wrap_alloc@V?$allocator@D@std@@@std@@QAEPADI@Z 0041a6e0 f i main.obj
 0001:00019710       ?assign@?$basic_string@DU?$char_traits@D@std@@V?$allocator@D@2@@std@@QAEAAV12@ABV12@II@Z 0041a710 f i main.obj
 0001:00019830       ?assign@?$basic_string@DU?$char_traits@D@std@@V?$allocator@D@2@@std@@QAEAAV12@PBDI@Z 0041a830 f i main.obj
 0001:00019930       ?default_error_condition@_System_error_category@std@@UBE?AVerror_condition@2@H@Z 0041a930 f i main.obj
 0001:00019970       ?default_error_condition@error_category@std@@UBE?AVerror_condition@2@H@Z 0041a970 f i main.obj
 0001:00019990       ?equivalent@error_category@std@@UBE_NABVerror_code@2@H@Z 0041a990 f i main.obj
 0001:000199b0       ?equivalent@error_category@std@@UBE_NHABVerror_condition@2@@Z 0041a9b0 f i main.obj
 0001:000199f0       ?erase@?$basic_string@DU?$char_traits@D@std@@V?$allocator@D@2@@std@@QAEAAV12@II@Z 0041a9f0 f i main.obj
 0001:00019a90       ?message@_Generic_error_category@std@@UBE?AV?$basic_string@DU?$char_traits@D@std@@V?$allocator@D@2@@2@H@Z 0041aa90 f i main.obj
 0001:00019b10       ?message@_Iostream_error_category@std@@UBE?AV?$basic_string@DU?$char_traits@D@std@@V?$allocator@D@2@@2@H@Z 0041ab10 f i main.obj
 0001:00019b60       ?message@_System_error_category@std@@UBE?AV?$basic_string@DU?$char_traits@D@std@@V?$allocator@D@2@@2@H@Z 0041ab60 f i main.obj
 0001:00019be0       ?name@_Generic_error_category@std@@UBEPBDXZ 0041abe0 f i main.obj
 0001:00019bf0       ?name@_Iostream_error_category@std@@UBEPBDXZ 0041abf0 f i main.obj
 0001:00019c00       ?name@_System_error_category@std@@UBEPBDXZ 0041ac00 f i main.obj
 0001:00019c10       ?processArgs@@YA_NHPAPAD@Z 0041ac10 f   main.obj
 0001:00019d00       _main                      0041ad00 f   main.obj
 0001:00019f40       ??0RayTracer@@QAE@XZ       0041af40 f   RayTracer.obj
 0001:00019f70       ??1ParseError@@QAE@XZ      0041af70 f i RayTracer.obj
 0001:00019f70       ??1ObjTypeMismatch@@QAE@XZ 0041af70 f i parse.obj
 0001:00019f70       ??1?$basic_string@DU?$char_traits@D@std@@V?$allocator@D@2@@std@@QAE@XZ 0041af70 f i main.obj
 0001:00019fa0       ??1isect@@QAE@XZ           0041afa0 f i RayTracer.obj
 0001:00019fb0       ?aspectRatio@RayTracer@@QAENXZ 0041afb0 f   RayTracer.obj
 0001:00019ff0       ?getBuffer@RayTracer@@QAEXAAPAEAAH1@Z 0041aff0 f   RayTracer.obj
 0001:0001a010       ?loadScene@RayTracer@@QAE_NPAD@Z 0041b010 f   RayTracer.obj
 0001:0001a160       ?sceneLoaded@RayTracer@@QAE_NXZ 0041b160 f   RayTracer.obj
 0001:0001a170       ?traceLines@RayTracer@@QAEXHH@Z 0041b170 f   RayTracer.obj
 0001:0001a2f0       ?tracePixel@RayTracer@@QAEXHH@Z 0041b2f0 f   RayTracer.obj
 0001:0001a430       ?traceRay@RayTracer@@QAE?AVvec3f@@PAVScene@@ABVray@@ABV2@H@Z 0041b430 f   RayTracer.obj
 0001:0001a4f0       ?traceSetup@RayTracer@@QAEXHH@Z 0041b4f0 f   RayTracer.obj
 0001:0001a550       ??0TraceGLWindow@@QAE@HHHHPBD@Z 0041b550 f   TraceGLWindow.obj
 0001:0001a5d0       ??_EFl_Gl_Window@@UAEPAXI@Z 0041b5d0 f i TraceGLWindow.obj
 0001:0001a5d0       ??_GFl_Gl_Window@@UAEPAXI@Z 0041b5d0 f i TraceGLWindow.obj
 0001:0001a5d0       ??_GTraceGLWindow@@UAEPAXI@Z 0041b5d0 f i TraceGLWindow.obj
 0001:0001a5d0       ??_ETraceGLWindow@@UAEPAXI@Z 0041b5d0 f i TraceGLWindow.obj
 0001:0001a600       ?draw@TraceGLWindow@@UAEXXZ 0041b600 f   TraceGLWindow.obj
 0001:0001a6d0       ?h@Fl_Widget@@QBEHXZ       0041b6d0 f i TraceGLWindow.obj
 0001:0001a6e0       ?handle@TraceGLWindow@@UAEHH@Z 0041b6e0 f   TraceGLWindow.obj
 0001:0001a6f0       ?refresh@TraceGLWindow@@QAEXXZ 0041b6f0 f   TraceGLWindow.obj
 0001:0001a700       ?resizeWindow@TraceGLWindow@@QAEXHH@Z 0041b700 f   TraceGLWindow.obj
 0001:0001a730       ?saveImage@TraceGLWindow@@QAEXPAD@Z 0041b730 f   TraceGLWindow.obj
 0001:0001a770       ?setRayTracer@TraceGLWindow@@QAEXPAVRayTracer@@@Z 0041b770 f   TraceGLWindow.obj
 0001:0001a780       ?w@Fl_Widget@@QBEHXZ       0041b780 f i TraceGLWindow.obj
 0001:0001a790       ?x@Fl_Widget@@QBEHXZ       0041b790 f i TraceGLWindow.obj
 0001:0001a7a0       ?y@Fl_Widget@@QBEHXZ       0041b7a0 f i TraceGLWindow.obj
 0001:0001a7b0       ?cb_load_scene@TraceUI@@CAXPAVFl_Menu_@@PAX@Z 0041b7b0 f   TraceUI.obj
 0001:0001a850       ?cb_save_image@TraceUI@@CAXPAVFl_Menu_@@PAX@Z 0041b850 f   TraceUI.obj
 0001:0001a890       ?cb_exit@TraceUI@@CAXPAVFl_Menu_@@PAX@Z 0041b890 f   TraceUI.obj
 0001:0001a8c0       ?cb_about@TraceUI@@CAXPAVFl_Menu_@@PAX@Z 0041b8c0 f   TraceUI.obj
 0001:0001a8d0       ??0TraceUI@@QAE@XZ         0041b8d0 f   TraceUI.obj
 0001:0001ac10       ??_GFl_Menu_Bar@@UAEPAXI@Z 0041bc10 f i TraceUI.obj
 0001:0001ac10       ??_EFl_Menu_Bar@@UAEPAXI@Z 0041bc10 f i TraceUI.obj
 0001:0001ac40       ?align@Fl_Widget@@QAEXE@Z  0041bc40 f i TraceUI.obj
 0001:0001ac50       ?callback@Fl_Widget@@QAEXP6AXPAV1@PAX@Z@Z 0041bc50 f i TraceUI.obj
 0001:0001ac60       ?cb_depthSlides@TraceUI@@CAXPAVFl_Widget@@PAX@Z 0041bc60 f   TraceUI.obj
 0001:0001ac80       ?cb_exit2@TraceUI@@CAXPAVFl_Widget@@PAX@Z 0041bc80 f   TraceUI.obj
 0001:0001acb0       ?cb_render@TraceUI@@CAXPAVFl_Widget@@PAX@Z 0041bcb0 f   TraceUI.obj
 0001:0001aec0       ?cb_sizeSlides@TraceUI@@CAXPAVFl_Widget@@PAX@Z 0041bec0 f   TraceUI.obj
 0001:0001af10       ?cb_stop@TraceUI@@CAXPAVFl_Widget@@PAX@Z 0041bf10 f   TraceUI.obj
 0001:0001af20       ?damage@Fl@@SAHXZ          0041bf20 f i TraceUI.obj
 0001:0001af30       ?end@Fl_Group@@QAEXXZ      0041bf30 f i TraceUI.obj
 0001:0001af40       ?label@Fl_Widget@@QBEPBDXZ 0041bf40 f i TraceUI.obj
 0001:0001af40       ?label@Fl_Window@@QBEPBDXZ 0041bf40 f i TraceUI.obj
 0001:0001af50       ?labelfont@Fl_Widget@@QAEXE@Z 0041bf50 f i TraceUI.obj
 0001:0001af60       ?labelsize@Fl_Widget@@QAEXE@Z 0041bf60 f i TraceUI.obj
 0001:0001af70       ?parent@Fl_Widget@@QBEPAV1@XZ 0041bf70 f i TraceUI.obj
 0001:0001af80       ?resizable@Fl_Group@@QAEXPAVFl_Widget@@@Z 0041bf80 f i TraceUI.obj
 0001:0001af90       ?setRayTracer@TraceUI@@QAEXPAVRayTracer@@@Z 0041bf90 f   TraceUI.obj
 0001:0001afb0       ?show@TraceUI@@QAEXXZ      0041bfb0 f   TraceUI.obj
 0001:0001afc0       ?step@Fl_Valuator@@QAEXH@Z 0041bfc0 f i TraceUI.obj
 0001:0001afe0       ?type@Fl_Widget@@QAEXE@Z   0041bfe0 f i TraceUI.obj
 0001:0001aff0       ?user_data@Fl_Widget@@QAEXPAX@Z 0041bff0 f i TraceUI.obj
 0001:0001b000       ?value@Fl_Valuator@@QBENXZ 0041c000 f i TraceUI.obj
 0001:0001b010       ?when@Fl_Widget@@QAEXE@Z   0041c010 f i TraceUI.obj
 0001:0001b020       ?writeBMP@@YAXPADHHPAE@Z   0041c020 f   bitmap.obj
 0001:0001b1b0       ??$?6DU?$char_traits@D@std@@V?$allocator@D@1@@std@@YAAAV?$basic_ostream@DU?$char_traits@D@std@@@0@AAV10@ABV?$basic_string@DU?$char_traits@D@std@@V?$allocator@D@2@@0@@Z 0041c1b0 f i parse.obj
 0001:0001b3a0       ??$?6U?$char_traits@D@std@@@std@@YAAAV?$basic_ostream@DU?$char_traits@D@std@@@0@AAV10@D@Z 0041c3a0 f i parse.obj
 0001:0001b5a0       ??$?6U?$char_traits@D@std@@@std@@YAAAV?$basic_ostream@DU?$char_traits@D@std@@@0@AAV10@PBD@Z 0041c5a0 f i parse.obj
 0001:0001b7d0       ??$?8DU?$char_traits@D@std@@V?$allocator@D@1@@std@@YA_NABV?$basic_string@DU?$char_traits@D@std@@V?$allocator@D@2@@0@PBD@Z 0041c7d0 f i parse.obj
 0001:0001b810       ??$?HDU?$char_traits@D@std@@V?$allocator@D@1@@std@@YA?AV?$basic_string@DU?$char_traits@D@std@@V?$allocator@D@2@@0@$$QAV10@0@Z 0041c810 f i parse.obj
 0001:0001b880       ??$?HDU?$char_traits@D@std@@V?$allocator@D@1@@std@@YA?AV?$basic_string@DU?$char_traits@D@std@@V?$allocator@D@2@@0@$$QAV10@ABV10@@Z 0041c880 f i parse.obj
 0001:0001b900       ??$_Buynode@AAU?$pair@$$CBV?$basic_string@DU?$char_traits@D@std@@V?$allocator@D@2@@std@@PAVObj@@@std@@@?$_Tree_buy@U?$pair@$$CBV?$basic_string@DU?$char_traits@D@std@@V?$allocator@D@2@@std@@PAVObj@@@std@@V?$allocator@U?$pair@$$CBV?$basic_string@DU?$char_traits@D@std@@V?$allocator@D@2@@std@@PAVObj@@@std@@@2@@std@@QAEPAU?$_Tree_node@U?$pair@$$CBV?$basic_string@DU?$char_traits@D@std@@V?$allocator@D@2@@std@@PAVObj@@@std@@PAX@1@AAU?$pair@$$CBV?$basic_string@DU?$char_traits@D@std@@V?$allocator@D@2@@std@@PAVObj@@@1@@Z 0041c900 f i parse.obj
 0001:0001b9b0       ??$_Buynode@ABUpiecewise_construct_t@std@@V?$tuple@ABV?$basic_string@DU?$char_traits@D@std@@V?$allocator@D@2@@std@@@2@V?$tuple@$$$V@2@@?$_Tree_buy@U?$pair@$$CBV?$basic_string@DU?$char_traits@D@std@@V?$allocator@D@2@@std@@PAVObj@@@std@@V?$allocator@U?$pair@$$CBV?$basic_string@DU?$char_traits@D@std@@V?$allocator@D@2@@std@@PAVObj@@@std@@@2@@std@@QAEPAU?$_Tree_node@U?$pair@$$CBV?$basic_string@DU?$char_traits@D@std@@V?$allocator@D@2@@std@@PAVObj@@@std@@PAX@1@ABUpiecewise_construct_t@1@$$QAV?$tuple@ABV?$basic_string@DU?$char_traits@D@std@@V?$allocator@D@2@@std@@@1@$$QAV?$tuple@$$$V@1@@Z 0041c9b0 f i parse.obj
 0001:0001b9b0       ??$_Buynode@ABUpiecewise_construct_t@std@@V?$tuple@ABV?$basic_string@DU?$char_traits@D@std@@V?$allocator@D@2@@std@@@2@V?$tuple@$$$V@2@@?$_Tree_buy@U?$pair@$$CBV?$basic_string@DU?$char_traits@D@std@@V?$allocator@D@2@@std@@PAVMaterial@@@std@@V?$allocator@U?$pair@$$CBV?$basic_string@DU?$char_traits@D@std@@V?$allocator@D@2@@std@@PAVMaterial@@@std@@@2@@std@@QAEPAU?$_Tree_node@U?$pair@$$CBV?$basic_string@DU?$char_traits@D@std@@V?$allocator@D@2@@std@@PAVMaterial@@@std@@PAX@1@ABUpiecewise_construct_t@1@$$QAV?$tuple@ABV?$basic_string@DU?$char_traits@D@std@@V?$allocator@D@2@@std@@@1@$$QAV?$tuple@$$$V@1@@Z 0041c9b0 f i read.obj
 0001:0001ba60       ??$_Copy@U?$integral_constant@_N$0A@@std@@@?$_Tree@V?$_Tmap_traits@V?$basic_string@DU?$char_traits@D@std@@V?$allocator@D@2@@std@@PAVObj@@U?$less@V?$basic_string@DU?$char_traits@D@std@@V?$allocator@D@2@@std@@@2@V?$allocator@U?$pair@$$CBV?$basic_string@DU?$char_traits@D@std@@V?$allocator@D@2@@std@@PAVObj@@@std@@@2@$0A@@std@@@std@@IAEXABV01@U?$integral_constant@_N$0A@@1@@Z 0041ca60 f i parse.obj
 0001:0001bae0       ??$_Copy_nodes@U?$integral_constant@_N$0A@@std@@@?$_Tree@V?$_Tmap_traits@V?$basic_string@DU?$char_traits@D@std@@V?$allocator@D@2@@std@@PAVObj@@U?$less@V?$basic_string@DU?$char_traits@D@std@@V?$allocator@D@2@@std@@@2@V?$allocator@U?$pair@$$CBV?$basic_string@DU?$char_traits@D@std@@V?$allocator@D@2@@std@@PAVObj@@@std@@@2@$0A@@std@@@std@@IAEPAU?$_Tree_node@U?$pair@$$CBV?$basic_string@DU?$char_traits@D@std@@V?$allocator@D@2@@std@@PAVObj@@@std@@PAX@1@PAU21@0U?$integral_constant@_N$0A@@1@@Z 0041cae0 f i parse.obj
 0001:0001bba0       ??0?$_Tree@V?$_Tmap_traits@V?$basic_string@DU?$char_traits@D@std@@V?$allocator@D@2@@std@@PAVObj@@U?$less@V?$basic_string@DU?$char_traits@D@std@@V?$allocator@D@2@@std@@@2@V?$allocator@U?$pair@$$CBV?$basic_string@DU?$char_traits@D@std@@V?$allocator@D@2@@std@@PAVObj@@@std@@@2@$0A@@std@@@std@@QAE@ABV01@ABV?$allocator@U?$pair@$$CBV?$basic_string@DU?$char_traits@D@std@@V?$allocator@D@2@@std@@PAVObj@@@std@@@1@@Z 0041cba0 f i parse.obj
 0001:0001bc40       ??0?$basic_string@DU?$char_traits@D@std@@V?$allocator@D@2@@std@@QAE@$$QAV01@@Z 0041cc40 f i parse.obj
 0001:0001bcb0       ??0?$vector@PAVObj@@V?$allocator@PAVObj@@@std@@@std@@QAE@ABV01@@Z 0041ccb0 f i parse.obj
 0001:0001bd10       ??0IdObj@@QAE@ABV?$basic_string@DU?$char_traits@D@std@@V?$allocator@D@2@@std@@@Z 0041cd10 f i parse.obj
 0001:0001bd80       ??0NamedObj@@QAE@ABV?$basic_string@DU?$char_traits@D@std@@V?$allocator@D@2@@std@@PAVObj@@@Z 0041cd80 f i parse.obj
 0001:0001bdf0       ??0ObjTypeMismatch@@QAE@V?$basic_string@DU?$char_traits@D@std@@V?$allocator@D@2@@std@@0@Z 0041cdf0 f i parse.obj
 0001:0001c070       ??0Exception@@QAE@ABV0@@Z  0041d070 f i parse.obj
 0001:0001c070       ??0ObjTypeMismatch@@QAE@ABV0@@Z 0041d070 f i parse.obj
 0001:0001c070       ??0?$basic_string@DU?$char_traits@D@std@@V?$allocator@D@2@@std@@QAE@ABV01@@Z 0041d070 f i parse.obj
 0001:0001c070       ??0ParseError@@QAE@ABV0@@Z 0041d070 f i parse.obj
 0001:0001c070       ??0ParseError@@QAE@ABV?$basic_string@DU?$char_traits@D@std@@V?$allocator@D@2@@std@@@Z 0041d070 f i parse.obj
 0001:0001c0a0       ??1?$_Tree_comp@$0A@V?$_Tmap_traits@V?$basic_string@DU?$char_traits@D@std@@V?$allocator@D@2@@std@@PAVObj@@U?$less@V?$basic_string@DU?$char_traits@D@std@@V?$allocator@D@2@@std@@@2@V?$allocator@U?$pair@$$CBV?$basic_string@DU?$char_traits@D@std@@V?$allocator@D@2@@std@@PAVObj@@@std@@@2@$0A@@std@@@std@@QAE@XZ 0041d0a0 f i parse.obj
 0001:0001c0b0       ??1?$map@V?$basic_string@DU?$char_traits@D@std@@V?$allocator@D@2@@std@@PAVMaterial@@U?$less@V?$basic_string@DU?$char_traits@D@std@@V?$allocator@D@2@@std@@@2@V?$allocator@U?$pair@$$CBV?$basic_string@DU?$char_traits@D@std@@V?$allocator@D@2@@std@@PAVMaterial@@@std@@@2@@std@@QAE@XZ 0041d0b0 f i read.obj
 0001:0001c0b0       ??1?$map@V?$basic_string@DU?$char_traits@D@std@@V?$allocator@D@2@@std@@PAVObj@@U?$less@V?$basic_string@DU?$char_traits@D@std@@V?$allocator@D@2@@std@@@2@V?$allocator@U?$pair@$$CBV?$basic_string@DU?$char_traits@D@std@@V?$allocator@D@2@@std@@PAVObj@@@std@@@2@@std@@QAE@XZ 0041d0b0 f i parse.obj
 0001:0001c0e0       ?_Tidy@?$vector@Vvec3f@@V?$allocator@Vvec3f@@@std@@@std@@IAEXXZ 0041d0e0 f i read.obj
 0001:0001c0e0       ??1?$vector@PAVObj@@V?$allocator@PAVObj@@@std@@@std@@QAE@XZ 0041d0e0 f i parse.obj
 0001:0001c110       ??1DictObj@@UAE@XZ         0041d110 f i parse.obj
 0001:0001c1f0       ??1Obj@@UAE@XZ             0041d1f0 f i parse.obj
 0001:0001c200       ??1TupleObj@@UAE@XZ        0041d200 f i parse.obj
 0001:0001c290       ??1_Sentry_base@?$basic_ostream@DU?$char_traits@D@std@@@std@@QAE@XZ 0041d290 f i parse.obj
 0001:0001c2b0       ??1sentry@?$basic_ostream@DU?$char_traits@D@std@@@std@@QAE@XZ 0041d2b0 f i parse.obj
 0001:0001c2e0       ??4?$basic_string@DU?$char_traits@D@std@@V?$allocator@D@2@@std@@QAEAAV01@$$QAV01@@Z 0041d2e0 f i parse.obj
 0001:0001c320       ??F?$_Tree_unchecked_const_iterator@V?$_Tree_val@U?$_Tree_simple_types@U?$pair@$$CBV?$basic_string@DU?$char_traits@D@std@@V?$allocator@D@2@@std@@PAVObj@@@std@@@std@@@std@@U_Iterator_base0@2@@std@@QAEAAV01@XZ 0041d320 f i parse.obj
 0001:0001c320       ??F?$_Tree_unchecked_const_iterator@V?$_Tree_val@U?$_Tree_simple_types@U?$pair@$$CBV?$basic_string@DU?$char_traits@D@std@@V?$allocator@D@2@@std@@PAVMaterial@@@std@@@std@@@std@@U_Iterator_base0@2@@std@@QAEAAV01@XZ 0041d320 f i read.obj
 0001:0001c380       ??R?$less@V?$basic_string@DU?$char_traits@D@std@@V?$allocator@D@2@@std@@@std@@QBE_NABV?$basic_string@DU?$char_traits@D@std@@V?$allocator@D@2@@1@0@Z 0041d380 f i parse.obj
 0001:0001c3b0       ??_GObj@@UAEPAXI@Z         0041d3b0 f i parse.obj
 0001:0001c3b0       ??_EScalarObj@@UAEPAXI@Z   0041d3b0 f i parse.obj
 0001:0001c3b0       ??_EObj@@UAEPAXI@Z         0041d3b0 f i parse.obj
 0001:0001c3b0       ??_GBooleanObj@@UAEPAXI@Z  0041d3b0 f i parse.obj
 0001:0001c3b0       ??_EBooleanObj@@UAEPAXI@Z  0041d3b0 f i parse.obj
 0001:0001c3b0       ??_GScalarObj@@UAEPAXI@Z   0041d3b0 f i parse.obj
 0001:0001c3e0       ??_EDictObj@@UAEPAXI@Z     0041d3e0 f i parse.obj
 0001:0001c3e0       ??_GDictObj@@UAEPAXI@Z     0041d3e0 f i parse.obj
 0001:0001c410       ??_EIdObj@@UAEPAXI@Z       0041d410 f i parse.obj
 0001:0001c410       ??_GIdObj@@UAEPAXI@Z       0041d410 f i parse.obj
 0001:0001c460       ??_GNamedObj@@UAEPAXI@Z    0041d460 f i parse.obj
 0001:0001c460       ??_ENamedObj@@UAEPAXI@Z    0041d460 f i parse.obj
 0001:0001c4f0       ??_GStringObj@@UAEPAXI@Z   0041d4f0 f i parse.obj
 0001:0001c4f0       ??_EStringObj@@UAEPAXI@Z   0041d4f0 f i parse.obj
 0001:0001c540       ??_ETupleObj@@UAEPAXI@Z    0041d540 f i parse.obj
 0001:0001c540       ??_GTupleObj@@UAEPAXI@Z    0041d540 f i parse.obj
 0001:0001c570       ?_Assign_rv@?$basic_string@DU?$char_traits@D@std@@V?$allocator@D@2@@std@@QAEX$$QAV12@@Z 0041d570 f i parse.obj
 0001:0001c5d0       ?_Buy@?$vector@PAVObj@@V?$allocator@PAVObj@@@std@@@std@@IAE_NI@Z 0041d5d0 f i parse.obj
 0001:0001c640       ?_Buynode0@?$_Tree_buy@U?$pair@$$CBV?$basic_string@DU?$char_traits@D@std@@V?$allocator@D@2@@std@@PAVMaterial@@@std@@V?$allocator@U?$pair@$$CBV?$basic_string@DU?$char_traits@D@std@@V?$allocator@D@2@@std@@PAVMaterial@@@std@@@2@@std@@QAEPAU?$_Tree_node@U?$pair@$$CBV?$basic_string@DU?$char_traits@D@std@@V?$allocator@D@2@@std@@PAVMaterial@@@std@@PAX@2@XZ 0041d640 f i read.obj
 0001:0001c640       ?_Buynode0@?$_Tree_buy@U?$pair@$$CBV?$basic_string@DU?$char_traits@D@std@@V?$allocator@D@2@@std@@PAVObj@@@std@@V?$allocator@U?$pair@$$CBV?$basic_string@DU?$char_traits@D@std@@V?$allocator@D@2@@std@@PAVObj@@@std@@@2@@std@@QAEPAU?$_Tree_node@U?$pair@$$CBV?$basic_string@DU?$char_traits@D@std@@V?$allocator@D@2@@std@@PAVObj@@@std@@PAX@2@XZ 0041d640 f i parse.obj
 0001:0001c680       ?_Chassign@?$basic_string@DU?$char_traits@D@std@@V?$allocator@D@2@@std@@QAEXIID@Z 0041d680 f i parse.obj
 0001:0001c6d0       ?_Erase@?$_Tree@V?$_Tmap_traits@V?$basic_string@DU?$char_traits@D@std@@V?$allocator@D@2@@std@@PAVMaterial@@U?$less@V?$basic_string@DU?$char_traits@D@std@@V?$allocator@D@2@@std@@@2@V?$allocator@U?$pair@$$CBV?$basic_string@DU?$char_traits@D@std@@V?$allocator@D@2@@std@@PAVMaterial@@@std@@@2@$0A@@std@@@std@@IAEXPAU?$_Tree_node@U?$pair@$$CBV?$basic_string@DU?$char_traits@D@std@@V?$allocator@D@2@@std@@PAVMaterial@@@std@@PAX@2@@Z 0041d6d0 f i read.obj
 0001:0001c6d0       ?_Erase@?$_Tree@V?$_Tmap_traits@V?$basic_string@DU?$char_traits@D@std@@V?$allocator@D@2@@std@@PAVObj@@U?$less@V?$basic_string@DU?$char_traits@D@std@@V?$allocator@D@2@@std@@@2@V?$allocator@U?$pair@$$CBV?$basic_string@DU?$char_traits@D@std@@V?$allocator@D@2@@std@@PAVObj@@@std@@@2@$0A@@std@@@std@@IAEXPAU?$_Tree_node@U?$pair@$$CBV?$basic_string@DU?$char_traits@D@std@@V?$allocator@D@2@@std@@PAVObj@@@std@@PAX@2@@Z 0041d6d0 f i parse.obj
 0001:0001c730       ?_Reallocate@?$vector@PAVObj@@V?$allocator@PAVObj@@@std@@@std@@IAEXI@Z 0041d730 f i parse.obj
 0001:0001c730       ?_Reallocate@?$vector@PAVMaterial@@V?$allocator@PAVMaterial@@@std@@@std@@IAEXI@Z 0041d730 f i trimesh.obj
 0001:0001c730       ?_Reallocate@?$vector@PAVTrimeshFace@@V?$allocator@PAVTrimeshFace@@@std@@@std@@IAEXI@Z 0041d730 f i trimesh.obj
 0001:0001c7b0       ?_Reserve@?$vector@PAVTrimeshFace@@V?$allocator@PAVTrimeshFace@@@std@@@std@@IAEXI@Z 0041d7b0 f i trimesh.obj
 0001:0001c7b0       ?_Reserve@?$vector@PAVObj@@V?$allocator@PAVObj@@@std@@@std@@IAEXI@Z 0041d7b0 f i parse.obj
 0001:0001c7b0       ?_Reserve@?$vector@PAVMaterial@@V?$allocator@PAVMaterial@@@std@@@std@@IAEXI@Z 0041d7b0 f i trimesh.obj
 0001:0001c830       ?_Rrotate@?$_Tree@V?$_Tmap_traits@V?$basic_string@DU?$char_traits@D@std@@V?$allocator@D@2@@std@@PAVObj@@U?$less@V?$basic_string@DU?$char_traits@D@std@@V?$allocator@D@2@@std@@@2@V?$allocator@U?$pair@$$CBV?$basic_string@DU?$char_traits@D@std@@V?$allocator@D@2@@std@@PAVObj@@@std@@@2@$0A@@std@@@std@@IAEXPAU?$_Tree_node@U?$pair@$$CBV?$basic_string@DU?$char_traits@D@std@@V?$allocator@D@2@@std@@PAVObj@@@std@@PAX@2@@Z 0041d830 f i parse.obj
 0001:0001c830       ?_Rrotate@?$_Tree@V?$_Tmap_traits@V?$basic_string@DU?$char_traits@D@std@@V?$allocator@D@2@@std@@PAVMaterial@@U?$less@V?$basic_string@DU?$char_traits@D@std@@V?$allocator@D@2@@std@@@2@V?$allocator@U?$pair@$$CBV?$basic_string@DU?$char_traits@D@std@@V?$allocator@D@2@@std@@PAVMaterial@@@std@@@2@$0A@@std@@@std@@IAEXPAU?$_Tree_node@U?$pair@$$CBV?$basic_string@DU?$char_traits@D@std@@V?$allocator@D@2@@std@@PAVMaterial@@@std@@PAX@2@@Z 0041d830 f i read.obj
 0001:0001c890       ?append@?$basic_string@DU?$char_traits@D@std@@V?$allocator@D@2@@std@@QAEAAV12@ABV12@II@Z 0041d890 f i parse.obj
 0001:0001c950       ?append@?$basic_string@DU?$char_traits@D@std@@V?$allocator@D@2@@std@@QAEAAV12@ID@Z 0041d950 f i parse.obj
 0001:0001ca00       ?compare@?$basic_string@DU?$char_traits@D@std@@V?$allocator@D@2@@std@@QBEHIIPBDI@Z 0041da00 f i parse.obj
 0001:0001ca70       ?compare@?$char_traits@D@std@@SAHPBD0I@Z 0041da70 f i parse.obj
 0001:0001cd20       ?erase@?$_Tree@V?$_Tmap_traits@V?$basic_string@DU?$char_traits@D@std@@V?$allocator@D@2@@std@@PAVMaterial@@U?$less@V?$basic_string@DU?$char_traits@D@std@@V?$allocator@D@2@@std@@@2@V?$allocator@U?$pair@$$CBV?$basic_string@DU?$char_traits@D@std@@V?$allocator@D@2@@std@@PAVMaterial@@@std@@@2@$0A@@std@@@std@@QAE?AV?$_Tree_iterator@V?$_Tree_val@U?$_Tree_simple_types@U?$pair@$$CBV?$basic_string@DU?$char_traits@D@std@@V?$allocator@D@2@@std@@PAVMaterial@@@std@@@std@@@std@@@2@V?$_Tree_const_iterator@V?$_Tree_val@U?$_Tree_simple_types@U?$pair@$$CBV?$basic_string@DU?$char_traits@D@std@@V?$allocator@D@2@@std@@PAVMaterial@@@std@@@std@@@std@@@2@0@Z 0041dd20 f i read.obj
 0001:0001cd20       ?erase@?$_Tree@V?$_Tmap_traits@V?$basic_string@DU?$char_traits@D@std@@V?$allocator@D@2@@std@@PAVObj@@U?$less@V?$basic_string@DU?$char_traits@D@std@@V?$allocator@D@2@@std@@@2@V?$allocator@U?$pair@$$CBV?$basic_string@DU?$char_traits@D@std@@V?$allocator@D@2@@std@@PAVObj@@@std@@@2@$0A@@std@@@std@@QAE?AV?$_Tree_iterator@V?$_Tree_val@U?$_Tree_simple_types@U?$pair@$$CBV?$basic_string@DU?$char_traits@D@std@@V?$allocator@D@2@@std@@PAVObj@@@std@@@std@@@std@@@2@V?$_Tree_const_iterator@V?$_Tree_val@U?$_Tree_simple_types@U?$pair@$$CBV?$basic_string@DU?$char_traits@D@std@@V?$allocator@D@2@@std@@PAVObj@@@std@@@std@@@std@@@2@0@Z 0041dd20 f i parse.obj
 0001:0001cde0       ?getBoolean@BooleanObj@@UBE_NXZ 0041dde0 f i parse.obj
 0001:0001cdf0       ?getBoolean@Obj@@UBE_NXZ   0041ddf0 f i parse.obj
 0001:0001cea0       ?getChild@NamedObj@@UBEPAVObj@@XZ 0041dea0 f i parse.obj
 0001:0001ceb0       ?getDict@Obj@@UBEABV?$map@V?$basic_string@DU?$char_traits@D@std@@V?$allocator@D@2@@std@@PAVObj@@U?$less@V?$basic_string@DU?$char_traits@D@std@@V?$allocator@D@2@@std@@@2@V?$allocator@U?$pair@$$CBV?$basic_string@DU?$char_traits@D@std@@V?$allocator@D@2@@std@@PAVObj@@@std@@@2@@std@@XZ 0041deb0 f i parse.obj
 0001:0001cf60       ?getID@Obj@@UBE?AV?$basic_string@DU?$char_traits@D@std@@V?$allocator@D@2@@std@@XZ 0041df60 f i parse.obj
 0001:0001d010       ?getChild@Obj@@UBEPAV1@XZ  0041e010 f i parse.obj
 0001:0001d010       ?getName@Obj@@UBE?AV?$basic_string@DU?$char_traits@D@std@@V?$allocator@D@2@@std@@XZ 0041e010 f i parse.obj
 0001:0001d0c0       ?getScalar@Obj@@UBENXZ     0041e0c0 f i parse.obj
 0001:0001d170       ?getScalar@ScalarObj@@UBENXZ 0041e170 f i parse.obj
 0001:0001d180       ?getString@Obj@@UBE?AV?$basic_string@DU?$char_traits@D@std@@V?$allocator@D@2@@std@@XZ 0041e180 f i parse.obj
 0001:0001d230       ?getName@NamedObj@@UBE?AV?$basic_string@DU?$char_traits@D@std@@V?$allocator@D@2@@std@@XZ 0041e230 f i parse.obj
 0001:0001d230       ?getID@IdObj@@UBE?AV?$basic_string@DU?$char_traits@D@std@@V?$allocator@D@2@@std@@XZ 0041e230 f i parse.obj
 0001:0001d230       ?getString@StringObj@@UBE?AV?$basic_string@DU?$char_traits@D@std@@V?$allocator@D@2@@std@@XZ 0041e230 f i parse.obj
 0001:0001d270       ?getTuple@Obj@@UBEABV?$vector@PAVObj@@V?$allocator@PAVObj@@@std@@@std@@XZ 0041e270 f i parse.obj
 0001:0001d320       ?getDict@DictObj@@UBEABV?$map@V?$basic_string@DU?$char_traits@D@std@@V?$allocator@D@2@@std@@PAVObj@@U?$less@V?$basic_string@DU?$char_traits@D@std@@V?$allocator@D@2@@std@@@2@V?$allocator@U?$pair@$$CBV?$basic_string@DU?$char_traits@D@std@@V?$allocator@D@2@@std@@PAVObj@@@std@@@2@@std@@XZ 0041e320 f i parse.obj
 0001:0001d320       ?getTuple@TupleObj@@UBEABV?$vector@PAVObj@@V?$allocator@PAVObj@@@std@@@std@@XZ 0041e320 f i parse.obj
 0001:0001d330       ?getTypeName@BooleanObj@@UBE?AV?$basic_string@DU?$char_traits@D@std@@V?$allocator@D@2@@std@@XZ 0041e330 f i parse.obj
 0001:0001d370       ?getTypeName@DictObj@@UBE?AV?$basic_string@DU?$char_traits@D@std@@V?$allocator@D@2@@std@@XZ 0041e370 f i parse.obj
 0001:0001d3b0       ?getTypeName@IdObj@@UBE?AV?$basic_string@DU?$char_traits@D@std@@V?$allocator@D@2@@std@@XZ 0041e3b0 f i parse.obj
 0001:0001d3f0       ?getTypeName@NamedObj@@UBE?AV?$basic_string@DU?$char_traits@D@std@@V?$allocator@D@2@@std@@XZ 0041e3f0 f i parse.obj
[...]
 0003:00000184       $SG2343                    00434184     fltkd:Fl_Valuator.obj
 0003:00000188       $SG2350                    00434188     fltkd:Fl_Valuator.obj
 0003:00000190       _current_callback          00434190     fltkd:fl_file_chooser.obj
 0003:00000194       $SG4022                    00434194     fltkd:fl_file_chooser.obj
 0003:000001a0       $SG4024                    004341a0     fltkd:fl_file_chooser.obj
 0003:000001a4       $SG4027                    004341a4     fltkd:fl_file_chooser.obj
 0003:000001b8       $SG4031                    004341b8     fltkd:fl_file_chooser.obj
 0003:000001c8       $SG4064                    004341c8     fltkd:fl_file_chooser.obj
 0003:000001dc       $SG4071                    004341dc     fltkd:fl_file_chooser.obj
 0003:000001f0       $SG4207                    004341f0     fltkd:fl_file_chooser.obj
 0003:000001f4       $SG4212                    004341f4     fltkd:fl_file_chooser.obj
 0003:00000208       $SG4217                    00434208     fltkd:fl_file_chooser.obj
 0003:00000210       $SG4219                    00434210     fltkd:fl_file_chooser.obj
 0003:00000214       $SG4224                    00434214     fltkd:fl_file_chooser.obj
 0003:0000021c       $SG4226                    0043421c     fltkd:fl_file_chooser.obj
 0003:00000220       $SG4231                    00434220     fltkd:fl_file_chooser.obj
 0003:00000230       $SG4247                    00434230     fltkd:fl_file_chooser.obj
 0003:0000023c       $SG4249                    0043423c     fltkd:fl_file_chooser.obj
 0003:00000240       $SG4254                    00434240     fltkd:fl_file_chooser.obj
 0003:00000250       $SG4256                    00434250     fltkd:fl_file_chooser.obj
 0003:00000254       $SG4261                    00434254     fltkd:fl_file_chooser.obj
 0003:00000264       $SG4263                    00434264     fltkd:fl_file_chooser.obj
 0003:00000268       $SG4136                    00434268     fltkd:fl_file_chooser.obj
 0003:0000026c       $SG4145                    0043426c     fltkd:fl_file_chooser.obj
 0003:00000270       $SG4297                    00434270     fltkd:fl_file_chooser.obj
 0003:00000284       $SG28044                   00434284     fltkd:Fl_x.obj
 0003:0000028c       $SG27899                   0043428c     fltkd:Fl_x.obj
 0003:0000029c       $SG970                     0043429c     fltkd:Fl_compose.obj
 0003:00000360       $SG931                     00434360     fltkd:vsnprintf.obj
 0003:00000368       $SG2365                    00434368     fltkd:Fl_Input.obj
 0003:00000370       $SG2394                    00434370     fltkd:Fl_Input.obj
 0003:00000374       $SG3298                    00434374     fltkd:Fl_Input_.obj
 0003:00000380       _table                     00434380     fltkd:fl_shortcut.obj
 0003:00000470       $SG2303                    00434470     fltkd:fl_shortcut.obj
 0003:0000047c       $SG2304                    0043447c     fltkd:fl_shortcut.obj
 0003:00000480       $SG2305                    00434480     fltkd:fl_shortcut.obj
 0003:00000488       $SG2306                    00434488     fltkd:fl_shortcut.obj
 0003:00000490       $SG2307                    00434490     fltkd:fl_shortcut.obj
 0003:00000498       $SG2308                    00434498     fltkd:fl_shortcut.obj
 0003:000004a4       $SG2309                    004344a4     fltkd:fl_shortcut.obj
 0003:000004ac       $SG2310                    004344ac     fltkd:fl_shortcut.obj
 0003:000004b4       $SG2311                    004344b4     fltkd:fl_shortcut.obj
 0003:000004bc       $SG2312                    004344bc     fltkd:fl_shortcut.obj
 0003:000004c0       $SG2313                    004344c0     fltkd:fl_shortcut.obj
 0003:000004c8       $SG2314                    004344c8     fltkd:fl_shortcut.obj
 0003:000004d0       $SG2315                    004344d0     fltkd:fl_shortcut.obj
 0003:000004d8       $SG2316                    004344d8     fltkd:fl_shortcut.obj
 0003:000004e4       $SG2317                    004344e4     fltkd:fl_shortcut.obj
 0003:000004e8       $SG2318                    004344e8     fltkd:fl_shortcut.obj
 0003:000004f0       $SG2319                    004344f0     fltkd:fl_shortcut.obj
 0003:000004f8       $SG2320                    004344f8     fltkd:fl_shortcut.obj
 0003:00000500       $SG2321                    00434500     fltkd:fl_shortcut.obj
 0003:0000050c       $SG2322                    0043450c     fltkd:fl_shortcut.obj
 0003:00000518       $SG2323                    00434518     fltkd:fl_shortcut.obj
 0003:00000520       $SG2324                    00434520     fltkd:fl_shortcut.obj
 0003:00000528       $SG2325                    00434528     fltkd:fl_shortcut.obj
 0003:00000534       $SG2326                    00434534     fltkd:fl_shortcut.obj
 0003:00000540       $SG2327                    00434540     fltkd:fl_shortcut.obj
 0003:0000054c       $SG2328                    0043454c     fltkd:fl_shortcut.obj
 0003:00000554       $SG2329                    00434554     fltkd:fl_shortcut.obj
 0003:0000055c       $SG2330                    0043455c     fltkd:fl_shortcut.obj
 0003:00000564       $SG2331                    00434564     fltkd:fl_shortcut.obj
 0003:0000056c       $SG2332                    0043456c     fltkd:fl_shortcut.obj
 0003:00000574       $SG2341                    00434574     fltkd:fl_shortcut.obj
 0003:0000057c       $SG2343                    0043457c     fltkd:fl_shortcut.obj
 0003:00000584       $SG2345                    00434584     fltkd:fl_shortcut.obj
 0003:0000058c       $SG2347                    0043458c     fltkd:fl_shortcut.obj
 0003:00000594       $SG2363                    00434594     fltkd:fl_shortcut.obj
 0003:000005a4       $SG25957                   004345a4     fltkd:Fl_abort.obj
 0003:000005ac       $SG25968                   004345ac     fltkd:Fl_abort.obj
 0003:000005b4       _fl_cmap                   004345b4     fltkd:fl_color.obj
 0003:000009b8       _active_ramp               004349b8     fltkd:fl_boxtype.obj
 0003:000009d0       _inactive_ramp             004349d0     fltkd:fl_boxtype.obj
 0003:000009e8       _draw_it_active            004349e8     fltkd:fl_boxtype.obj
 0003:000009f0       _fl_box_table              004349f0     fltkd:fl_boxtype.obj
 0003:00000b20       $SG1897                    00434b20     fltkd:fl_boxtype.obj
 0003:00000b28       $SG1912                    00434b28     fltkd:fl_boxtype.obj
 0003:00000b30       $SG1927                    00434b30     fltkd:fl_boxtype.obj
 0003:00000b3c       $SG1944                    00434b3c     fltkd:fl_boxtype.obj
 0003:00000b48       $SG1959                    00434b48     fltkd:fl_boxtype.obj
 0003:00000b54       $SG1974                    00434b54     fltkd:fl_boxtype.obj
 0003:00000b60       $SG1350                    00434b60     fltkd:fl_draw.obj
 0003:00000b68       _built_in_table            00434b68     fltkd:fl_font.obj
 0003:00000bec       $SG26919                   00434bec     fltkd:fl_font.obj
 0003:00000bf4       $SG26920                   00434bf4     fltkd:fl_font.obj
 0003:00000bfc       $SG26921                   00434bfc     fltkd:fl_font.obj
 0003:00000c04       $SG26922                   00434c04     fltkd:fl_font.obj
 0003:00000c0c       $SG26923                   00434c0c     fltkd:fl_font.obj
 0003:00000c1c       $SG26924                   00434c1c     fltkd:fl_font.obj
 0003:00000c2c       $SG26925                   00434c2c     fltkd:fl_font.obj
 0003:00000c3c       $SG26926                   00434c3c     fltkd:fl_font.obj
 0003:00000c4c       $SG26927                   00434c4c     fltkd:fl_font.obj
 0003:00000c60       $SG26928                   00434c60     fltkd:fl_font.obj
 0003:00000c74       $SG26929                   00434c74     fltkd:fl_font.obj
 0003:00000c88       $SG26930                   00434c88     fltkd:fl_font.obj
 0003:00000c9c       $SG26931                   00434c9c     fltkd:fl_font.obj
 0003:00000ca4       $SG26932                   00434ca4     fltkd:fl_font.obj
 0003:00000cb0       $SG26933                   00434cb0     fltkd:fl_font.obj
 0003:00000cbc       $SG26934                   00434cbc     fltkd:fl_font.obj
 0003:00000cc8       _table                     00434cc8     fltkd:fl_labeltype.obj
 0003:00000d0c       $SG964                     00434d0c     fltkd:filename_expand.obj
 0003:00000d14       $SG1011                    00434d14     fltkd:filename_absolute.obj
 0003:00000d18       $SG25487                   00434d18     fltkd:scandir.obj
 0003:00000d1c       $SG25489                   00434d1c     fltkd:scandir.obj
 0003:00000d3c       $SG25791                   00434d3c     fltkd:fl_call_main.obj
 0003:00000d40       $SG25792                   00434d40     fltkd:fl_call_main.obj
 0003:00000d48       $SG25793                   00434d48     fltkd:fl_call_main.obj
 0003:00000d4c       $SG25794                   00434d4c     fltkd:fl_call_main.obj
 0003:00000d54       $SG25795                   00434d54     fltkd:fl_call_main.obj
 0003:00000d58       $SG25796                   00434d58     fltkd:fl_call_main.obj
 0003:000013e8       _allocator_arg             004353e8     main.obj
 0003:000013e9       _piecewise_construct       004353e9     main.obj
 0003:000013ea       __Tuple_alloc              004353ea     RayTracer.obj
 0003:000013eb       _ignore                    004353eb     RayTracer.obj
 0003:000013ec       _allocator_arg             004353ec     RayTracer.obj
 0003:000013ed       _piecewise_construct       004353ed     RayTracer.obj
 0003:000013f8       _allocator_arg             004353f8     TraceGLWindow.obj
 0003:000013f9       _piecewise_construct       004353f9     TraceGLWindow.obj
 0003:000013fa       _allocator_arg             004353fa     TraceUI.obj
 0003:000013fb       _piecewise_construct       004353fb     TraceUI.obj
 0003:000013fc       _done                      004353fc     TraceUI.obj
 0003:00001438       __Tuple_alloc              00435438     parse.obj
 0003:00001439       _ignore                    00435439     parse.obj
 0003:0000143a       _allocator_arg             0043543a     parse.obj
 0003:0000143b       _piecewise_construct       0043543b     parse.obj
 0003:0000143c       __Tuple_alloc              0043543c     read.obj
 0003:0000143d       _ignore                    0043543d     read.obj
 0003:0000143e       _allocator_arg             0043543e     read.obj
 0003:0000143f       _piecewise_construct       0043543f     read.obj
 0003:00001448       _allocator_arg             00435448     vecmath.obj
 0003:00001449       _piecewise_construct       00435449     vecmath.obj
 0003:0000144a       _allocator_arg             0043544a     camera.obj
 0003:0000144b       _piecewise_construct       0043544b     camera.obj
 0003:0000144c       _allocator_arg             0043544c     light.obj
 0003:0000144d       _piecewise_construct       0043544d     light.obj
 0003:0000144e       _allocator_arg             0043544e     material.obj
 0003:0000144f       _piecewise_construct       0043544f     material.obj
 0003:00001450       _allocator_arg             00435450     ray.obj
 0003:00001451       _piecewise_construct       00435451     ray.obj
 0003:00001452       _allocator_arg             00435452     scene.obj
 0003:00001453       _piecewise_construct       00435453     scene.obj
 0003:00001454       _allocator_arg             00435454     Box.obj
 0003:00001455       _piecewise_construct       00435455     Box.obj
 0003:00001456       _allocator_arg             00435456     Cone.obj
 0003:00001457       _piecewise_construct       00435457     Cone.obj
 0003:00001458       _allocator_arg             00435458     Cylinder.obj
 0003:00001459       _piecewise_construct       00435459     Cylinder.obj
 0003:0000145a       _allocator_arg             0043545a     Sphere.obj
 0003:0000145b       _piecewise_construct       0043545b     Sphere.obj
 0003:0000145c       _allocator_arg             0043545c     Square.obj
 0003:0000145d       _piecewise_construct       0043545d     Square.obj
 0003:0000145e       _allocator_arg             0043545e     trimesh.obj
 0003:0000145f       _piecewise_construct       0043545f     trimesh.obj
 0003:00001468       _free_check                00435468     fltkd:Fl.obj
 0003:00001478       _missed_timeout_by         00435478     fltkd:Fl.obj
 0003:0000148c       _in_idle                   0043548c     fltkd:Fl.obj
 0003:000014a4       _first_check               004354a4     fltkd:Fl.obj
 0003:000014a8       _free_timeout              004354a8     fltkd:Fl.obj
 0003:000014b0       _next_check                004354b0     fltkd:Fl.obj
 0003:000014bc       _?prevclock@?1??elapse_timeouts@@YAXXZ@4KA 004354bc     fltkd:Fl.obj
 0003:000014d0       _first_timeout             004354d0     fltkd:Fl.obj
 0003:000014dc       _handlers                  004354dc     fltkd:Fl.obj
 0003:000014e0       $SG26421                   004354e0     fltkd:Fl.obj
 0003:000014e4       _icon                      004354e4     fltkd:fl_ask.obj
 0003:000014e8       _input                     004354e8     fltkd:fl_ask.obj
 0003:000014ec       _message_form              004354ec     fltkd:fl_ask.obj
 0003:000014f0       _message                   004354f0     fltkd:fl_ask.obj
 0003:000014f4       _button                    004354f4     fltkd:fl_ask.obj
 0003:00001505       _SWAP_TYPE                 00435505     fltkd:Fl_Gl_Window.obj
 0003:0000150c       _?ortho_context@?CO@??flush@Fl_Gl_Window@@UAEXXZ@4PAUHGLRC__@@A 0043550c     fltkd:Fl_Gl_Window.obj
 0003:00001510       _?ortho_window@?CO@??flush@Fl_Gl_Window@@UAEXXZ@4PAV2@A 00435510     fltkd:Fl_Gl_Window.obj
 0003:00001514       _obj_queue                 00435514     fltkd:Fl_Widget.obj
 0003:00001564       _obj_tail                  00435564     fltkd:Fl_Widget.obj
 0003:00001568       _obj_head                  00435568     fltkd:Fl_Widget.obj
 0003:00001570       _?f@?1??fl_file_chooser@@YAPADPBD00@Z@4PAVFCW@@A 00435570     fltkd:fl_file_chooser.obj
 0003:00001574       _extra_button              00435574     fltkd:fl_file_chooser.obj
 0003:00001580       $SG4242                    00435580     fltkd:fl_file_chooser.obj
 0003:00001584       $SG4162                    00435584     fltkd:fl_file_chooser.obj
 0003:00001594       _?vklut@?1??ms2fltk@@YAHHH@Z@4PAGA 00435594     fltkd:Fl_x.obj
 0003:00001794       _resize_bug_fix            00435794     fltkd:Fl_x.obj
 0003:0000179c       _?pmy@?1??mouse_event@@YAHPAVFl_Window@@HHIJ@Z@4HA 0043579c     fltkd:Fl_x.obj
 0003:000017bc       _?buffer@?EI@??WndProc@@YGJPAUHWND__@@IIJ@Z@4PADA 004357bc     fltkd:Fl_x.obj
 0003:000017c0       _fdsets                    004357c0     fltkd:Fl_x.obj
 0003:00001ad4       _?pmx@?1??mouse_event@@YAHPAVFl_Window@@HHIJ@Z@4HA 00435ad4     fltkd:Fl_x.obj
 0003:00001ad8       _?px@?1??mouse_event@@YAHPAVFl_Window@@HHIJ@Z@4HA 00435ad8     fltkd:Fl_x.obj
 0003:00001adc       _?py@?1??mouse_event@@YAHPAVFl_Window@@HHIJ@Z@4HA 00435adc     fltkd:Fl_x.obj
 0003:00001ae8       _?extendedlut@?1??ms2fltk@@YAHHH@Z@4PAGA 00435ae8     fltkd:Fl_x.obj
 0003:00001ce8       _nfds                      00435ce8     fltkd:Fl_x.obj
 0003:00001cec       _fd_array_size             00435cec     fltkd:Fl_x.obj
 0003:00001cf0       _fd                        00435cf0     fltkd:Fl_x.obj
 0003:00001cf4       _?cnt@?1??WndProc@@YGJPAUHWND__@@IIJ@Z@4HA 00435cf4     fltkd:Fl_x.obj
 0003:00001cfc       $SG28179                   00435cfc     fltkd:Fl_x.obj
 0003:00001d04       _rstack                    00435d04     fltkd:fl_rect.obj
 0003:00001d2c       _rstackptr                 00435d2c     fltkd:fl_rect.obj
 0003:00001d38       _undobuffer                00435d38     fltkd:Fl_Input_.obj
 0003:00001d3c       _undobufferlength          00435d3c     fltkd:Fl_Input_.obj
 0003:00001d40       _undowidget                00435d40     fltkd:Fl_Input_.obj
 0003:00001d44       _undoat                    00435d44     fltkd:Fl_Input_.obj
 0003:00001d48       _undoinsert                00435d48     fltkd:Fl_Input_.obj
 0003:00001d4c       _yankcut                   00435d4c     fltkd:Fl_Input_.obj
 0003:00001d50       _up_down_pos               00435d50     fltkd:Fl_Input_.obj
 0003:00001d58       _was_up_down               00435d58     fltkd:Fl_Input_.obj
 0003:00001d5c       _undocut                   00435d5c     fltkd:Fl_Input_.obj
 0003:00001d60       $SG3535                    00435d60     fltkd:Fl_Input_.obj
 0003:00001d64       $SG3578                    00435d64     fltkd:Fl_Input_.obj
 0003:00001d68       _?buf@?1??fl_shortcut_label@@YAPBDH@Z@4PADA 00435d68     fltkd:fl_shortcut.obj
 0003:00001d7c       _first                     00435d7c     fltkd:Fl_Gl_Choice.obj
 0003:00001d80       _cached_window             00435d80     fltkd:Fl_Gl_Choice.obj
 0003:00001d84       _cached_context            00435d84     fltkd:Fl_Gl_Choice.obj
 0003:00001d88       _first_context             00435d88     fltkd:Fl_Gl_Choice.obj
 0003:00002998       _?brushes@?1??fl_brush@@YAPAUHBRUSH__@@XZ@4PAUFl_Brush@@A 00436998     fltkd:fl_color.obj
 0003:00002a58       _?xmap@?1??fl_color@@YAXEEE@Z@4UFl_XMap@@A 00436a58     fltkd:fl_color.obj
 0003:00002a68       _?beenhere@?1??fl_select_palette@@YAPAUHPALETTE__@@XZ@4DA 00436a68     fltkd:fl_color.obj
 0003:00002a78       _p                         00436a78     fltkd:Fl_Menu.obj
 0003:00002a80       _?dummy@?1??popup@Fl_Menu_Item@@QBEPBU2@HHPBDPBU2@PBVFl_Menu_@@@Z@4U2@A 00436a80     fltkd:Fl_Menu.obj
 0003:00002a98       _button                    00436a98     fltkd:Fl_Menu.obj
 0003:00002a9c       _?offcenter@?BA@??handle@Fl_Slider@@IAEHHHHHH@Z@4HA 00436a9c     fltkd:Fl_Slider.obj
 0003:00002aa0       _underline_at              00436aa0     fltkd:fl_draw.obj
 0003:00002ab4       _measure                   00436ab4     fltkd:fl_labeltype.obj
 0003:00002af4       _?whichway@?CL@??handle@Fl_Browser_@@UAEHH@Z@4DA 00436af4     fltkd:Fl_Browser_.obj
 0003:00002af5       _?change@?CL@??handle@Fl_Browser_@@UAEHH@Z@4DA 00436af5     fltkd:Fl_Browser_.obj
 0003:00002af8       _?py@?CL@??handle@Fl_Browser_@@UAEHH@Z@4HA 00436af8     fltkd:Fl_Browser_.obj
 0003:00002afc       _selection_buffer_length   00436afc     fltkd:Fl_cutpaste.obj
 0003:00002b00       _selection_length          00436b00     fltkd:Fl_cutpaste.obj
 0003:00002b04       _selection_buffer          00436b04     fltkd:Fl_cutpaste.obj
 0003:00002b08       _ignore_destroy            00436b08     fltkd:Fl_cutpaste.obj
 0003:00002b09       _beenhere                  00436b09     fltkd:Fl_cutpaste.obj
 0003:00002b10       _GS_ExceptionRecord        00436b10     MSVCRT:gs_report.obj
 0003:00002b60       _GS_ContextRecord          00436b60     MSVCRT:gs_report.obj
 0003:00002e2c       _DebuggerWasPresent        00436e2c     MSVCRT:gs_report.obj
 0003:00002e30       _has_cctor                 00436e30     MSVCRT:crtexew.obj
 0003:00002e34       _mainret                   00436e34     MSVCRT:crtexew.obj
 0003:00002e38       _managedapp                00436e38     MSVCRT:crtexew.obj
 0003:00002e3c       _argc                      00436e3c     MSVCRT:crtexew.obj
 0003:00002e40       _argv                      00436e40     MSVCRT:crtexew.obj
 0003:00002e44       _envp                      00436e44     MSVCRT:crtexew.obj
 0003:00002e48       _argret                    00436e48     MSVCRT:crtexew.obj
 0003:00002e4c       _startinfo                 00436e4c     MSVCRT:crtexew.obj
 0003:00002e60       __Fac_head                 00436e60     msvcprt:locale0_implib.obj
 0003:00002e64       __Fac_tidy_reg             00436e64     msvcprt:locale0_implib.obj
 0004:00000060       $R000000                   00437060     * linker generated manifest res *
